[Licensing::Module] Trying to connect to existing licensing client channel...
[Licensing::IpcConnector] Successfully connected to: "LicenseClient-Farot" at "2026-03-24T17:05:41.5564726Z"
[Licensing::Client] Code 10 while verifying Licensing Client signature (process Id: 6600, path: "C:/Program Files/Unity Hub/UnityLicensingClient_V1/Unity.Licensing.Client.exe")
[Licensing::Module] LicensingClient has failed validation; ignoring
[Licensing::Client] Handshaking with LicensingClient:
  Version:                 1.17.4+4293ba1
  Session Id:              78da7f6d271f446ba2229dda461ae2be
  Correlation Id:          ac16f1531aa4a5c9f7e90123acd19b01
  External correlation Id: 5492882082232343745
  Machine Id:              p5dKzCAZ6fOOnuRfn3AGFy8kWsA=
[Licensing::Module] Successfully connected to LicensingClient on channel: "LicenseClient-Farot" (connect: 0.00s, validation: 0.01s, handshake: 0.02s)
[Licensing::IpcConnector] Successfully connected to: "LicenseClient-Farot-notifications" at "2026-03-24T17:05:41.5873949Z"
[Licensing::Module] Error: Access token is unavailable; failed to update
[Licensing::Client] Successfully updated license
Built from '2022.3/respin/2022.3.62f2-4af31df585-v2' branch; Version is '2022.3.62f2 (7670c08855a9) revision 7762112'; Using compiler version '192829333'; Build Type 'Release'
OS: 'Windows 10  (10.0.19045) 64bit Professional' Language: 'en' Physical Memory: 32605 MB
[Licensing::Client] Successfully resolved entitlement details
[Licensing::Module] Serial number assigned to: "6872459096280-UnityPersXXXX"
BatchMode: 1, IsHumanControllingUs: 0, StartBugReporterOnCrash: 0, Is64bit: 1, IsPro: 0
[Licensing::Client] Successfully resolved entitlement details

COMMAND LINE ARGUMENTS:
C:\Program Files\Unity\Hub\Editor\2022.3.62f2\Editor\Unity.exe
-batchmode
-quit
-projectPath
D:\Dev\Eugene_D2
-logFile
D:\Dev\Eugene_D2\cannon_shooter_compile.log
Successfully changed project path to: D:\Dev\Eugene_D2
D:/Dev/Eugene_D2
[UnityMemory] Configuration Parameters - Can be set up in boot.config
    "memorysetup-bucket-allocator-granularity=16"
    "memorysetup-bucket-allocator-bucket-count=8"
    "memorysetup-bucket-allocator-block-size=33554432"
    "memorysetup-bucket-allocator-block-count=8"
    "memorysetup-main-allocator-block-size=16777216"
    "memorysetup-thread-allocator-block-size=16777216"
    "memorysetup-gfx-main-allocator-block-size=16777216"
    "memorysetup-gfx-thread-allocator-block-size=16777216"
    "memorysetup-cache-allocator-block-size=4194304"
    "memorysetup-typetree-allocator-block-size=2097152"
    "memorysetup-profiler-bucket-allocator-granularity=16"
    "memorysetup-profiler-bucket-allocator-bucket-count=8"
    "memorysetup-profiler-bucket-allocator-block-size=33554432"
    "memorysetup-profiler-bucket-allocator-block-count=8"
    "memorysetup-profiler-allocator-block-size=16777216"
    "memorysetup-profiler-editor-allocator-block-size=1048576"
    "memorysetup-temp-allocator-size-main=16777216"
    "memorysetup-job-temp-allocator-block-size=2097152"
    "memorysetup-job-temp-allocator-block-size-background=1048576"
    "memorysetup-job-temp-allocator-reduction-small-platforms=262144"
    "memorysetup-allocator-temp-initial-block-size-main=262144"
    "memorysetup-allocator-temp-initial-block-size-worker=262144"
    "memorysetup-temp-allocator-size-background-worker=32768"
    "memorysetup-temp-allocator-size-job-worker=262144"
    "memorysetup-temp-allocator-size-preload-manager=33554432"
    "memorysetup-temp-allocator-size-nav-mesh-worker=65536"
    "memorysetup-temp-allocator-size-audio-worker=65536"
    "memorysetup-temp-allocator-size-cloud-worker=32768"
    "memorysetup-temp-allocator-size-gi-baking-worker=262144"
    "memorysetup-temp-allocator-size-gfx=262144"
Player connection [11060]  Target information:

Player connection [11060]  * "[IP] 192.168.8.227 [Port] 55504 [Flags] 2 [Guid] 1460774956 [EditorId] 1460774956 [Version] 1048832 [Id] WindowsEditor(7,DESKTOP-94PNVKK) [Debug] 1 [PackageName] WindowsEditor [ProjectName] Editor" 

Player connection [11060] Host joined multi-casting on [225.0.0.222:54997]...
Player connection [11060] Host joined alternative multi-casting on [225.0.0.222:34997]...
Input System module state changed to: Initialized.
[PhysX] Initialized MultithreadedTaskDispatcher with 16 workers.
[Package Manager] UpmClient::Connect -- Connected to IPC stream "Upm-5124" after 0.3 seconds.
[Package Manager] Restoring resolved packages state from cache
[Licensing::Client] Successfully resolved entitlement details
[Package Manager] Registered 68 packages:
  Packages from [https://packages.unity.com]:
    com.unity.addressables@1.22.3 (location: D:\Dev\Eugene_D2\Library\PackageCache\com.unity.addressables@1.22.3)
    com.unity.burst@1.8.23 (location: D:\Dev\Eugene_D2\Library\PackageCache\com.unity.burst@1.8.23)
    com.unity.collab-proxy@2.8.2 (location: D:\Dev\Eugene_D2\Library\PackageCache\com.unity.collab-proxy@2.8.2)
    com.unity.device-simulator.devices@1.0.0 (location: D:\Dev\Eugene_D2\Library\PackageCache\com.unity.device-simulator.devices@1.0.0)
    com.unity.ide.rider@3.0.36 (location: D:\Dev\Eugene_D2\Library\PackageCache\com.unity.ide.rider@3.0.36)
    com.unity.ide.visualstudio@2.0.23 (location: D:\Dev\Eugene_D2\Library\PackageCache\com.unity.ide.visualstudio@2.0.23)
    com.unity.ide.vscode@1.2.5 (location: D:\Dev\Eugene_D2\Library\PackageCache\com.unity.ide.vscode@1.2.5)
    com.unity.inputsystem@1.14.0 (location: D:\Dev\Eugene_D2\Library\PackageCache\com.unity.inputsystem@1.14.0)
    com.unity.mobile.android-logcat@1.4.6 (location: D:\Dev\Eugene_D2\Library\PackageCache\com.unity.mobile.android-logcat@1.4.6)
    com.unity.profiling.core@1.0.2 (location: D:\Dev\Eugene_D2\Library\PackageCache\com.unity.profiling.core@1.0.2)
    com.unity.splines@2.8.2 (location: D:\Dev\Eugene_D2\Library\PackageCache\com.unity.splines@2.8.2)
    com.unity.test-framework@1.1.33 (location: D:\Dev\Eugene_D2\Library\PackageCache\com.unity.test-framework@1.1.33)
    com.unity.textmeshpro@3.0.9 (location: D:\Dev\Eugene_D2\Library\PackageCache\com.unity.textmeshpro@3.0.9)
    com.unity.timeline@1.7.7 (location: D:\Dev\Eugene_D2\Library\PackageCache\com.unity.timeline@1.7.7)
    com.unity.formats.fbx@4.2.1 (location: D:\Dev\Eugene_D2\Library\PackageCache\com.unity.formats.fbx@4.2.1)
    com.unity.toolchain.win-x86_64-linux-x86_64@2.0.11 (location: D:\Dev\Eugene_D2\Library\PackageCache\com.unity.toolchain.win-x86_64-linux-x86_64@2.0.11)
    com.unity.visualscripting@1.9.4 (location: D:\Dev\Eugene_D2\Library\PackageCache\com.unity.visualscripting@1.9.4)
    com.unity.nuget.newtonsoft-json@3.2.1 (location: D:\Dev\Eugene_D2\Library\PackageCache\com.unity.nuget.newtonsoft-json@3.2.1)
    com.unity.sysroot@2.0.10 (location: D:\Dev\Eugene_D2\Library\PackageCache\com.unity.sysroot@2.0.10)
    com.unity.sysroot.linux-x86_64@2.0.9 (location: D:\Dev\Eugene_D2\Library\PackageCache\com.unity.sysroot.linux-x86_64@2.0.9)
    com.autodesk.fbx@4.2.1 (location: D:\Dev\Eugene_D2\Library\PackageCache\com.autodesk.fbx@4.2.1)
    com.unity.ext.nunit@1.0.6 (location: D:\Dev\Eugene_D2\Library\PackageCache\com.unity.ext.nunit@1.0.6)
    com.unity.mathematics@1.2.6 (location: D:\Dev\Eugene_D2\Library\PackageCache\com.unity.mathematics@1.2.6)
    com.unity.settings-manager@2.1.0 (location: D:\Dev\Eugene_D2\Library\PackageCache\com.unity.settings-manager@2.1.0)
    com.unity.scriptablebuildpipeline@1.21.25 (location: D:\Dev\Eugene_D2\Library\PackageCache\com.unity.scriptablebuildpipeline@1.21.25)
    com.unity.localization@1.5.2 (location: D:\Dev\Eugene_D2\Library\PackageCache\com.unity.localization@1.5.2)
    com.unity.searcher@4.9.2 (location: D:\Dev\Eugene_D2\Library\PackageCache\com.unity.searcher@4.9.2)
  Built-in packages:
    com.unity.2d.sprite@1.0.0 (location: D:\Dev\Eugene_D2\Library\PackageCache\com.unity.2d.sprite@1.0.0)
    com.unity.render-pipelines.universal@14.0.12 (location: D:\Dev\Eugene_D2\Library\PackageCache\com.unity.render-pipelines.universal@14.0.12)
    com.unity.ugui@1.0.0 (location: D:\Dev\Eugene_D2\Library\PackageCache\com.unity.ugui@1.0.0)
    com.unity.modules.ai@1.0.0 (location: D:\Dev\Eugene_D2\Library\PackageCache\com.unity.modules.ai@1.0.0)
    com.unity.modules.androidjni@1.0.0 (location: D:\Dev\Eugene_D2\Library\PackageCache\com.unity.modules.androidjni@1.0.0)
    com.unity.modules.animation@1.0.0 (location: D:\Dev\Eugene_D2\Library\PackageCache\com.unity.modules.animation@1.0.0)
    com.unity.modules.assetbundle@1.0.0 (location: D:\Dev\Eugene_D2\Library\PackageCache\com.unity.modules.assetbundle@1.0.0)
    com.unity.modules.audio@1.0.0 (location: D:\Dev\Eugene_D2\Library\PackageCache\com.unity.modules.audio@1.0.0)
    com.unity.modules.director@1.0.0 (location: D:\Dev\Eugene_D2\Library\PackageCache\com.unity.modules.director@1.0.0)
    com.unity.modules.imageconversion@1.0.0 (location: D:\Dev\Eugene_D2\Library\PackageCache\com.unity.modules.imageconversion@1.0.0)
    com.unity.modules.imgui@1.0.0 (location: D:\Dev\Eugene_D2\Library\PackageCache\com.unity.modules.imgui@1.0.0)
    com.unity.modules.jsonserialize@1.0.0 (location: D:\Dev\Eugene_D2\Library\PackageCache\com.unity.modules.jsonserialize@1.0.0)
    com.unity.modules.particlesystem@1.0.0 (location: D:\Dev\Eugene_D2\Library\PackageCache\com.unity.modules.particlesystem@1.0.0)
    com.unity.modules.physics@1.0.0 (location: D:\Dev\Eugene_D2\Library\PackageCache\com.unity.modules.physics@1.0.0)
    com.unity.modules.physics2d@1.0.0 (location: D:\Dev\Eugene_D2\Library\PackageCache\com.unity.modules.physics2d@1.0.0)
    com.unity.modules.screencapture@1.0.0 (location: D:\Dev\Eugene_D2\Library\PackageCache\com.unity.modules.screencapture@1.0.0)
    com.unity.modules.terrain@1.0.0 (location: D:\Dev\Eugene_D2\Library\PackageCache\com.unity.modules.terrain@1.0.0)
    com.unity.modules.terrainphysics@1.0.0 (location: D:\Dev\Eugene_D2\Library\PackageCache\com.unity.modules.terrainphysics@1.0.0)
    com.unity.modules.tilemap@1.0.0 (location: D:\Dev\Eugene_D2\Library\PackageCache\com.unity.modules.tilemap@1.0.0)
    com.unity.modules.ui@1.0.0 (location: D:\Dev\Eugene_D2\Library\PackageCache\com.unity.modules.ui@1.0.0)
    com.unity.modules.uielements@1.0.0 (location: D:\Dev\Eugene_D2\Library\PackageCache\com.unity.modules.uielements@1.0.0)
    com.unity.modules.umbra@1.0.0 (location: D:\Dev\Eugene_D2\Library\PackageCache\com.unity.modules.umbra@1.0.0)
    com.unity.modules.unityanalytics@1.0.0 (location: D:\Dev\Eugene_D2\Library\PackageCache\com.unity.modules.unityanalytics@1.0.0)
    com.unity.modules.unitywebrequest@1.0.0 (location: D:\Dev\Eugene_D2\Library\PackageCache\com.unity.modules.unitywebrequest@1.0.0)
    com.unity.modules.unitywebrequestassetbundle@1.0.0 (location: D:\Dev\Eugene_D2\Library\PackageCache\com.unity.modules.unitywebrequestassetbundle@1.0.0)
    com.unity.modules.unitywebrequestaudio@1.0.0 (location: D:\Dev\Eugene_D2\Library\PackageCache\com.unity.modules.unitywebrequestaudio@1.0.0)
    com.unity.modules.unitywebrequesttexture@1.0.0 (location: D:\Dev\Eugene_D2\Library\PackageCache\com.unity.modules.unitywebrequesttexture@1.0.0)
    com.unity.modules.unitywebrequestwww@1.0.0 (location: D:\Dev\Eugene_D2\Library\PackageCache\com.unity.modules.unitywebrequestwww@1.0.0)
    com.unity.modules.video@1.0.0 (location: D:\Dev\Eugene_D2\Library\PackageCache\com.unity.modules.video@1.0.0)
    com.unity.render-pipelines.core@14.0.12 (location: D:\Dev\Eugene_D2\Library\PackageCache\com.unity.render-pipelines.core@14.0.12)
    com.unity.shadergraph@14.0.12 (location: D:\Dev\Eugene_D2\Library\PackageCache\com.unity.shadergraph@14.0.12)
    com.unity.render-pipelines.universal-config@14.0.10 (location: D:\Dev\Eugene_D2\Library\PackageCache\com.unity.render-pipelines.universal-config@14.0.10)
  Git packages:
    com.codewriter.triinspector@https://github.com/codewriter-packages/Tri-Inspector.git (location: D:\Dev\Eugene_D2\Library\PackageCache\com.codewriter.triinspector@9e4299e070)
    com.coffee.softmask-for-ugui@https://github.com/mob-sakai/SoftMaskForUGUI.git?path=Packages/src (location: D:\Dev\Eugene_D2\Library\PackageCache\com.coffee.softmask-for-ugui@f9868197c0)
    com.coffee.ui-particle@https://github.com/mob-sakai/ParticleEffectForUGUI.git#4.9.0 (location: D:\Dev\Eugene_D2\Library\PackageCache\com.coffee.ui-particle@4dfcb9075e)
    com.cysharp.r3@https://github.com/Cysharp/R3.git?path=src/R3.Unity/Assets/R3.Unity (location: D:\Dev\Eugene_D2\Library\PackageCache\com.cysharp.r3@fbc12b2c0b)
    com.cysharp.unitask@https://github.com/Cysharp/UniTask.git?path=src/UniTask/Assets/Plugins/UniTask (location: D:\Dev\Eugene_D2\Library\PackageCache\com.cysharp.unitask@06067cd4c8)
    com.github-glitchenzo.nugetforunity@https://github.com/GlitchEnzo/NuGetForUnity.git?path=/src/NuGetForUnity (location: D:\Dev\Eugene_D2\Library\PackageCache\com.github-glitchenzo.nugetforunity@f8f1902ebe)
    com.gwiazdorrr.betterstreamingassets@https://github.com/gwiazdorrr/BetterStreamingAssets.git (location: D:\Dev\Eugene_D2\Library\PackageCache\com.gwiazdorrr.betterstreamingassets@2bdc568484)
    jp.hadashikick.vcontainer@https://github.com/hadashiA/VContainer.git?path=VContainer/Assets/VContainer#1.16.8 (location: D:\Dev\Eugene_D2\Library\PackageCache\jp.hadashikick.vcontainer@5e6f5cc14b)
    io.saygames.services@https://gitlab+deploy-token-12:gldt-qfDuc8cx3srNh7X-EigY@gitlab.saygames.io/saykit/sg-services.git?path=/Packages/SayGamesServices#v1.1.53 (location: D:\Dev\Eugene_D2\Library\PackageCache\io.saygames.services@57d75d7802)
[Subsystems] No new subsystems found in resolved package list.
Package Manager log level set to [2]
[Package Manager] Done registering packages in 0.23 seconds
Artifact Garbage Collection - Removed 12 unused hashed content files
[Licensing::Client] Successfully resolved entitlement details
Refreshing native plugins compatible for Editor in 11.19 ms, found 5 plugins.
Preloading 0 native plugins for Editor in 0.00 ms.
Initialize engine version: 2022.3.62f2 (7670c08855a9)
[Subsystems] Discovering subsystems at path C:/Program Files/Unity/Hub/Editor/2022.3.62f2/Editor/Data/Resources/UnitySubsystems
[Subsystems] Discovering subsystems at path D:/Dev/Eugene_D2/Assets
GfxDevice: creating device client; threaded=0; jobified=0
Direct3D:
    Version:  Direct3D 11.0 [level 11.1]
    Renderer: NVIDIA GeForce RTX 4070 (ID=0x2786)
    Vendor:   NVIDIA
    VRAM:     12012 MB
    Driver:   32.0.15.6094
[Licensing::Client] Successfully resolved entitlement details
Initialize mono
Mono path[0] = 'C:/Program Files/Unity/Hub/Editor/2022.3.62f2/Editor/Data/Managed'
Mono path[1] = 'C:/Program Files/Unity/Hub/Editor/2022.3.62f2/Editor/Data/MonoBleedingEdge/lib/mono/unityjit-win32'
Mono config path = 'C:/Program Files/Unity/Hub/Editor/2022.3.62f2/Editor/Data/MonoBleedingEdge/etc'
Using monoOptions --debugger-agent=transport=dt_socket,embedding=1,server=y,suspend=n,address=127.0.0.1:56124
Using cacheserver namespaces - metadata:defaultmetadata, artifacts:defaultartifacts
Using cacheserver namespaces - metadata:defaultmetadata, artifacts:defaultartifacts
ImportWorker Server TCP listen port: 0
Begin MonoManager ReloadAssembly
Registering precompiled unity dll's ...
Register platform support module: C:/Program Files/Unity/Hub/Editor/2022.3.62f2/Editor/Data/PlaybackEngines/AndroidPlayer/UnityEditor.Android.Extensions.dll
[Licensing::Client] Successfully resolved entitlement details
Register platform support module: C:/Program Files/Unity/Hub/Editor/2022.3.62f2/Editor/Data/PlaybackEngines/iOSSupport/UnityEditor.iOS.Extensions.dll
Register platform support module: C:/Program Files/Unity/Hub/Editor/2022.3.62f2/Editor/Data/PlaybackEngines/WindowsStandaloneSupport/UnityEditor.WindowsStandalone.Extensions.dll
Registered in 0.019084 seconds.
- Loaded All Assemblies, in  0.251 seconds
Native extension for WindowsStandalone target not found
[usbmuxd] Start listen thread
[usbmuxd] Listen thread started
Native extension for iOS target not found
Native extension for Android target not found
Android Extension - Scanning For ADB Devices 2160 ms
Mono: successfully reloaded assembly
- Finished resetting the current domain, in  2.416 seconds
Domain Reload Profiling: 2666ms
	BeginReloadAssembly (70ms)
		ExecutionOrderSort (0ms)
		DisableScriptedObjects (0ms)
		BackupInstance (0ms)
		ReleaseScriptingObjects (0ms)
		CreateAndSetChildDomain (1ms)
	RebuildCommonClasses (21ms)
	RebuildNativeTypeToScriptingClass (7ms)
	initialDomainReloadingComplete (56ms)
	LoadAllAssembliesAndSetupDomain (95ms)
		LoadAssemblies (69ms)
		RebuildTransferFunctionScriptingTraits (0ms)
		AnalyzeDomain (93ms)
			TypeCache.Refresh (92ms)
				TypeCache.ScanAssembly (84ms)
			ScanForSourceGeneratedMonoScriptInfo (0ms)
			ResolveRequiredComponents (0ms)
	FinalizeReload (2416ms)
		ReleaseScriptCaches (0ms)
		RebuildScriptCaches (0ms)
		SetupLoadedEditorAssemblies (2383ms)
			LogAssemblyErrors (0ms)
			InitializePlatformSupportModulesInManaged (2252ms)
			SetLoadedEditorAssemblies (4ms)
			RefreshPlugins (0ms)
			BeforeProcessingInitializeOnLoad (2ms)
			ProcessInitializeOnLoadAttributes (90ms)
			ProcessInitializeOnLoadMethodAttributes (35ms)
			AfterProcessingInitializeOnLoad (0ms)
			EditorAssembliesLoaded (0ms)
		ExecutionOrderSort2 (0ms)
		AwakeInstancesAfterBackupRestoration (0ms)
[Licensing::Client] Successfully resolved entitlement details
[Licensing::Client] Successfully resolved entitlement details
Application.AssetDatabase Initial Refresh Start
[ScriptCompilation] Requested script compilation because: Assetdatabase observed changes in script compilation related files
info: Microsoft.Hosting.Lifetime[14]
      Now listening on: http://localhost:80
info: Microsoft.Hosting.Lifetime[0]
      Application started. Press Ctrl+C to shut down.
info: Microsoft.Hosting.Lifetime[0]
      Hosting environment: Production
info: Microsoft.Hosting.Lifetime[0]
      Content root path: D:\Dev\Eugene_D2\
info: Microsoft.AspNetCore.Hosting.Diagnostics[1]
      Request starting HTTP/2 POST http://ilpp/UnityILPP.PostProcessing/Ping application/grpc -
info: Microsoft.AspNetCore.Routing.EndpointMiddleware[0]
      Executing endpoint 'gRPC - /UnityILPP.PostProcessing/Ping'
info: Microsoft.AspNetCore.Routing.EndpointMiddleware[1]
      Executed endpoint 'gRPC - /UnityILPP.PostProcessing/Ping'
info: Microsoft.AspNetCore.Hosting.Diagnostics[2]
      Request finished HTTP/2 POST http://ilpp/UnityILPP.PostProcessing/Ping application/grpc - - 200 - application/grpc 27.3238ms
Starting: C:\Program Files\Unity\Hub\Editor\2022.3.62f2\Editor\Data\bee_backend.exe --ipc --defer-dag-verification --dagfile="Library/Bee/1300b0aEDbg.dag" --continue-on-failure --profile="Library/Bee/backend1.traceevents" ScriptAssemblies
WorkingDir: D:/Dev/Eugene_D2
info: Microsoft.AspNetCore.Hosting.Diagnostics[1]
      Request starting HTTP/2 POST http://ilpp/UnityILPP.PostProcessing/ConfigurePostProcessors application/grpc -
info: Microsoft.AspNetCore.Routing.EndpointMiddleware[0]
      Executing endpoint 'gRPC - /UnityILPP.PostProcessing/ConfigurePostProcessors'
warn: Unity.ILPP.Runner.PostProcessingAssemblyLoadContext[0]
      Assembly system.runtime.interopservices.windowsruntime has duplicate hint path. Ignoring "C:\Program Files\Unity\Hub\Editor\2022.3.62f2\Editor\Data\UnityReferenceAssemblies\unity-4.8-api\Facades\System.Runtime.InteropServices.WindowsRuntime.dll" in favor of "C:\Program Files\Unity\Hub\Editor\2022.3.62f2\Editor\Data\NetStandard\Extensions\2.0.0\System.Runtime.InteropServices.WindowsRuntime.dll"
warn: Unity.ILPP.Runner.PostProcessingAssemblyLoadContext[0]
      Assembly system.componentmodel.composition has duplicate hint path. Ignoring "C:\Program Files\Unity\Hub\Editor\2022.3.62f2\Editor\Data\UnityReferenceAssemblies\unity-4.8-api\System.ComponentModel.Composition.dll" in favor of "C:\Program Files\Unity\Hub\Editor\2022.3.62f2\Editor\Data\NetStandard\compat\2.1.0\shims\netfx\System.ComponentModel.Composition.dll"
info: Unity.ILPP.Runner.PostProcessingAssemblyLoadContext[0]
      Resolved Unity.Burst.Cecil, Version=0.11.4.0, Culture=neutral, PublicKeyToken=50cebf1cceb9d05e with Library\PackageCache\com.unity.burst@1.8.23\Unity.Burst.CodeGen\Unity.Burst.Cecil.dll
info: Microsoft.AspNetCore.Routing.EndpointMiddleware[1]
      Executed endpoint 'gRPC - /UnityILPP.PostProcessing/ConfigurePostProcessors'
info: Microsoft.AspNetCore.Hosting.Diagnostics[2]
      Request finished HTTP/2 POST http://ilpp/UnityILPP.PostProcessing/ConfigurePostProcessors application/grpc - - 200 - application/grpc 36.0563ms
DisplayProgressbar: Compiling Scripts
ExitCode: 4 Duration: 0s962ms
[ 955/1276  0s] ILPP-Configuration Library/ilpp-configuration.nevergeneratedoutput
Rebuilding DAG because FileSignature timestamp changed: Library/Bee/1300b0aEDbg-inputdata.json
*** Tundra requires additional run (0.94 seconds), 2 items updated, 1267 evaluated
Starting: C:\Program Files\Unity\Hub\Editor\2022.3.62f2\Editor\Data\Tools\netcorerun\netcorerun.exe "C:\Program Files\Unity\Hub\Editor\2022.3.62f2\Editor\Data\Tools\BuildPipeline\ScriptCompilationBuildProgram.exe" "Library/Bee/1300b0aEDbg.dag.json" "Library/Bee/1300b0aEDbg-inputdata.json" "Library\Bee\buildprogram0.traceevents"
WorkingDir: D:/Dev/Eugene_D2
ExitCode: 0 Duration: 0s670ms
Starting: C:\Program Files\Unity\Hub\Editor\2022.3.62f2\Editor\Data\bee_backend.exe --ipc --defer-dag-verification --dagfile="Library/Bee/1300b0aEDbg.dag" --continue-on-failure --dagfilejson="Library\Bee\1300b0aEDbg.dag.json" --profile="Library/Bee/backend2.traceevents" ScriptAssemblies
WorkingDir: D:/Dev/Eugene_D2
info: Microsoft.AspNetCore.Hosting.Diagnostics[1]
      Request starting HTTP/2 POST http://ilpp/UnityILPP.PostProcessing/ConfigurePostProcessors application/grpc -
info: Microsoft.AspNetCore.Routing.EndpointMiddleware[0]
      Executing endpoint 'gRPC - /UnityILPP.PostProcessing/ConfigurePostProcessors'
info: Unity.ILPP.Runner.PostProcessingAssemblyLoadContext[0]
      Current configuration matches the requested one, skipping
info: Microsoft.AspNetCore.Routing.EndpointMiddleware[1]
      Executed endpoint 'gRPC - /UnityILPP.PostProcessing/ConfigurePostProcessors'
info: Microsoft.AspNetCore.Hosting.Diagnostics[2]
      Request finished HTTP/2 POST http://ilpp/UnityILPP.PostProcessing/ConfigurePostProcessors application/grpc - - 200 - application/grpc 1.1103ms
info: Microsoft.AspNetCore.Hosting.Diagnostics[1]
      Request starting HTTP/2 POST http://ilpp/UnityILPP.PostProcessing/PostProcessAssembly application/grpc -
info: Microsoft.AspNetCore.Routing.EndpointMiddleware[0]
      Executing endpoint 'gRPC - /UnityILPP.PostProcessing/PostProcessAssembly'
info: Unity.ILPP.Runner.PostProcessingPipeline[0]
      Processing assembly Library/Bee/artifacts/1300b0aEDbg.dag/Assembly-CSharp.dll, with 128 defines and 311 references
info: Unity.ILPP.Runner.PostProcessingPipeline[0]
      processors: zzzUnity.Burst.CodeGen.BurstILPostProcessor
info: Unity.ILPP.Runner.PostProcessingPipeline[0]
      running zzzUnity.Burst.CodeGen.BurstILPostProcessor
info: Unity.ILPP.Runner.PostProcessingAssemblyLoadContext[0]
      Resolved Unity.Burst.Cecil.Rocks, Version=0.11.4.0, Culture=neutral, PublicKeyToken=50cebf1cceb9d05e with Library\PackageCache\com.unity.burst@1.8.23\Unity.Burst.CodeGen\Unity.Burst.Cecil.Rocks.dll
info: Microsoft.AspNetCore.Routing.EndpointMiddleware[1]
      Executed endpoint 'gRPC - /UnityILPP.PostProcessing/PostProcessAssembly'
info: Microsoft.AspNetCore.Hosting.Diagnostics[2]
      Request finished HTTP/2 POST http://ilpp/UnityILPP.PostProcessing/PostProcessAssembly application/grpc - - 200 - application/grpc 288.7860ms
info: Microsoft.AspNetCore.Hosting.Diagnostics[1]
      Request starting HTTP/2 POST http://ilpp/UnityILPP.PostProcessing/PostProcessAssembly application/grpc -
info: Microsoft.AspNetCore.Routing.EndpointMiddleware[0]
      Executing endpoint 'gRPC - /UnityILPP.PostProcessing/PostProcessAssembly'
info: Unity.ILPP.Runner.PostProcessingPipeline[0]
      Processing assembly Library/Bee/artifacts/1300b0aEDbg.dag/Assembly-CSharp-Editor.dll, with 126 defines and 340 references
info: Unity.ILPP.Runner.PostProcessingPipeline[0]
      processors: zzzUnity.Burst.CodeGen.BurstILPostProcessor
info: Unity.ILPP.Runner.PostProcessingPipeline[0]
      running zzzUnity.Burst.CodeGen.BurstILPostProcessor
info: Microsoft.AspNetCore.Routing.EndpointMiddleware[1]
      Executed endpoint 'gRPC - /UnityILPP.PostProcessing/PostProcessAssembly'
info: Microsoft.AspNetCore.Hosting.Diagnostics[2]
      Request finished HTTP/2 POST http://ilpp/UnityILPP.PostProcessing/PostProcessAssembly application/grpc - - 200 - application/grpc 17.1207ms
ExitCode: 0 Duration: 2s218ms
Finished compiling graph: 1280 nodes, 19205 flattened edges (15487 ToBuild, 224 ToUse), maximum node priority 1300
[ 663/1276  0s] WriteText Library/Bee/artifacts/1300b0aEDbg.dag/Assembly-CSharp.rsp
[ 955/1276  0s] ILPP-Configuration Library/ilpp-configuration.nevergeneratedoutput
[1268/1276  1s] Csc Library/Bee/artifacts/1300b0aEDbg.dag/Assembly-CSharp.dll (+2 others)
Assets\_Project\Develop\Runtime\Features\Social\SocialSrc\SocialService.cs(23,40): warning CS0414: The field 'SocialService.ServerHostProd' is assigned but its value is never used

Assets\_Project\Develop\Runtime\Infrastructure\Utilities\SceneTools\SpiralObjectPlacer.cs(13,44): warning CS0414: The field 'SpiralObjectPlacer.distanceY' is assigned but its value is never used

Assets\_Project\Develop\Runtime\Infrastructure\Utilities\SceneTools\SphereObjectPlacer.cs(18,40): warning CS0414: The field 'SphereObjectPlacer.radiusStep' is assigned but its value is never used
[1269/1276  0s] Csc Library/Bee/artifacts/1300b0aEDbg.dag/Assembly-CSharp-Editor.dll (+2 others)
[1270/1276  0s] ILPostProcess Library/Bee/artifacts/1300b0aEDbg.dag/post-processed/Assembly-CSharp.dll (+pdb)
Processing assembly Library/Bee/artifacts/1300b0aEDbg.dag/Assembly-CSharp.dll, with 128 defines and 311 references

processors: zzzUnity.Burst.CodeGen.BurstILPostProcessor

running zzzUnity.Burst.CodeGen.BurstILPostProcessor
[1271/1276  0s] CopyFiles Library/ScriptAssemblies/Assembly-CSharp.pdb
[1272/1276  0s] CopyFiles Library/ScriptAssemblies/Assembly-CSharp.dll
[1273/1276  0s] ILPostProcess Library/Bee/artifacts/1300b0aEDbg.dag/post-processed/Assembly-CSharp-Editor.dll (+pdb)
Processing assembly Library/Bee/artifacts/1300b0aEDbg.dag/Assembly-CSharp-Editor.dll, with 126 defines and 340 references

processors: zzzUnity.Burst.CodeGen.BurstILPostProcessor

running zzzUnity.Burst.CodeGen.BurstILPostProcessor
[1274/1276  0s] CopyFiles Library/ScriptAssemblies/Assembly-CSharp-Editor.pdb
[1275/1276  0s] CopyFiles Library/ScriptAssemblies/Assembly-CSharp-Editor.dll
*** Tundra build success (2.21 seconds), 10 items updated, 1276 evaluated
Assets\_Project\Develop\Runtime\Features\Social\SocialSrc\SocialService.cs(23,40): warning CS0414: The field 'SocialService.ServerHostProd' is assigned but its value is never used
Assets\_Project\Develop\Runtime\Infrastructure\Utilities\SceneTools\SpiralObjectPlacer.cs(13,44): warning CS0414: The field 'SpiralObjectPlacer.distanceY' is assigned but its value is never used
Assets\_Project\Develop\Runtime\Infrastructure\Utilities\SceneTools\SphereObjectPlacer.cs(18,40): warning CS0414: The field 'SphereObjectPlacer.radiusStep' is assigned but its value is never used
AssetDatabase: script compilation time: 4.276966s
Total cache size 268426224
Total cache size after purge 268426224
Begin MonoManager ReloadAssembly
Symbol file LoadedFromMemory is not a mono symbol file
- Loaded All Assemblies, in  0.812 seconds
Refreshing native plugins compatible for Editor in 6.77 ms, found 5 plugins.
Preloading 0 native plugins for Editor in 0.00 ms.
Start importing Assets/_Project/Develop/Runtime/Features/Character/CharacterSrc/CharacterView.cs using Guid(942aebd59880e824eac0494f85d67f5d) Importer(-1,00000000000000000000000000000000) [PhysX] Initialized MultithreadedTaskDispatcher with 16 workers.
 -> (artifact id: 'b3c1cb862a24577036a9809736fad207') in 0.072416 seconds
Start importing Assets/_Project/Develop/Runtime/Features/Character/CharacterSrc/CharacterManager.cs using Guid(172c4cdbb50a43ca980945a1abd1a3fe) Importer(-1,00000000000000000000000000000000) [PhysX] Initialized MultithreadedTaskDispatcher with 16 workers.
 -> (artifact id: '54fbcf74d4f7ae010934411ea7da2c06') in 0.001495 seconds
Start importing Assets/_Project/Develop/Runtime/Infrastructure/Scope/GameScene/GameSceneScope.cs using Guid(79374ea4c11747c5ad2cb66cf1f812d1) Importer(-1,00000000000000000000000000000000) [PhysX] Initialized MultithreadedTaskDispatcher with 16 workers.
 -> (artifact id: '9b1a52d7fd7f5176e577d33f911fb98d') in 0.001139 seconds
Start importing Assets/_Project/Develop/Runtime/Features/Collectables/CollectablesSrc/CannonBombShooter.cs using Guid(dbe9e866e4734877a3836c57760c3ff5) Importer(-1,00000000000000000000000000000000) [PhysX] Initialized MultithreadedTaskDispatcher with 16 workers.
 -> (artifact id: '624314c9ce09139ddc785d34c941d992') in 0.001019 seconds
Start importing Assets/_Project/Develop/Runtime/Infrastructure/Scope/GameScene/GameSceneFlow.cs using Guid(eb982d1cdf3e4c41967a32ca50595512) Importer(-1,00000000000000000000000000000000) [PhysX] Initialized MultithreadedTaskDispatcher with 16 workers.
 -> (artifact id: 'd823314ddcfa369b8ca2f23db0938e02') in 0.001001 seconds
Refreshing native plugins compatible for Editor in 4.40 ms, found 5 plugins.
Native extension for WindowsStandalone target not found
Native extension for iOS target not found
Native extension for Android target not found
Mono: successfully reloaded assembly
- Finished resetting the current domain, in  4.702 seconds
Domain Reload Profiling: 5511ms
	BeginReloadAssembly (124ms)
		ExecutionOrderSort (0ms)
		DisableScriptedObjects (4ms)
		BackupInstance (0ms)
		ReleaseScriptingObjects (0ms)
		CreateAndSetChildDomain (23ms)
	RebuildCommonClasses (25ms)
	RebuildNativeTypeToScriptingClass (8ms)
	initialDomainReloadingComplete (27ms)
	LoadAllAssembliesAndSetupDomain (625ms)
		LoadAssemblies (380ms)
		RebuildTransferFunctionScriptingTraits (0ms)
		AnalyzeDomain (306ms)
			TypeCache.Refresh (255ms)
				TypeCache.ScanAssembly (234ms)
			ScanForSourceGeneratedMonoScriptInfo (35ms)
			ResolveRequiredComponents (14ms)
	FinalizeReload (4703ms)
		ReleaseScriptCaches (0ms)
		RebuildScriptCaches (0ms)
		SetupLoadedEditorAssemblies (4545ms)
			LogAssemblyErrors (0ms)
			InitializePlatformSupportModulesInManaged (18ms)
			SetLoadedEditorAssemblies (4ms)
			RefreshPlugins (0ms)
			BeforeProcessingInitializeOnLoad (126ms)
			ProcessInitializeOnLoadAttributes (4303ms)
			ProcessInitializeOnLoadMethodAttributes (82ms)
			AfterProcessingInitializeOnLoad (10ms)
			EditorAssembliesLoaded (0ms)
		ExecutionOrderSort2 (0ms)
		AwakeInstancesAfterBackupRestoration (7ms)
Refreshing native plugins compatible for Editor in 4.51 ms, found 5 plugins.
Preloading 0 native plugins for Editor in 0.00 ms.
Asset Pipeline Refresh (id=f95e66c85c6117f419703926c8ddd44f): Total: 12.590 seconds - Initiated by InitialRefreshV2(ForceSynchronousImport)
	Summary:
		Imports: total=377 (actual=5, local cache=372, cache server=0)
		Asset DB Process Time: managed=67 ms, native=1937 ms
		Asset DB Callback time: managed=484 ms, native=7 ms
		Scripting: domain reloads=1, domain reload time=5680 ms, compile time=4279 ms, other=133 ms
		Project Asset Count: scripts=11603, non-scripts=7605
		Asset File Changes: new=1, changed=5, moved=0, deleted=0
		Scan Filter Count: 0
	InvokeBeforeRefreshCallbacks: 0.294ms
	ApplyChangesToAssetFolders: 0.090ms
	Scan: 105.525ms
	OnSourceAssetsModified: 1.624ms
	GetAllGuidsForCategorization: 2.461ms
	CategorizeAssets: 308.651ms
	ImportOutOfDateAssets: 4854.945ms (447.219ms without children)
		ImportManagerImport: 85.033ms (6.034ms without children)
			ImportInProcess: 78.954ms
			UpdateCategorizedAssets: 0.045ms
		CompileScripts: 4278.886ms
		ReloadNativeAssets: 0.113ms
		UnloadImportedAssets: 34.051ms
		ReloadImportedAssets: 0.612ms
		EnsureUptoDateAssetsAreRegisteredWithGuidPM: 5.250ms
		InitializingProgressBar: 0.007ms
		PostProcessAllAssetNotificationsAddChangedAssets: 0.004ms
		OnDemandSchedulerStart: 3.770ms
	PostProcessAllAssets: 504.716ms
	Hotreload: 5.642ms
	GatherAllCurrentPrimaryArtifactRevisions: 0.634ms
	UnloadStreamsBegin: 1.298ms
	PersistCurrentRevisions: 1.107ms
	UnloadStreamsEnd: 0.182ms
	GenerateScriptTypeHashes: 8.851ms
	Untracked: 6803.091ms
Application.AssetDatabase Initial Refresh End
Launched and connected shader compiler UnityShaderCompiler.exe after 0.03 seconds
Scanning for USB devices : 3.135ms
Initializing Unity extensions:
[Licensing::Client] Successfully resolved entitlement details
[MODES] ModeService[none].Initialize
[MODES] ModeService[none].LoadModes
[MODES] Loading mode Default (0) for mode-current-id-Jelly Hole: Roll & Eat Pals
GetVirtualKey: Could not map char: z (122) to any virtual key
GetVirtualKey: Could not map char: y (121) to any virtual key
GetVirtualKey: Could not map char: u (117) to any virtual key
GetVirtualKey: Could not map char: a (97) to any virtual key
GetVirtualKey: Could not map char: d (100) to any virtual key
GetVirtualKey: Could not map char: c (99) to any virtual key
GetVirtualKey: Could not map char: r (114) to any virtual key
GetVirtualKey: Could not map char: i (105) to any virtual key
GetVirtualKey: Could not map char: x (120) to any virtual key
GetVirtualKey: Could not map char: c (99) to any virtual key
GetVirtualKey: Could not map char: v (118) to any virtual key
GetVirtualKey: Could not map char: V (86) to any virtual key
GetVirtualKey: Could not map char: d (100) to any virtual key
GetVirtualKey: Could not map char: f (102) to any virtual key
GetVirtualKey: Could not map char: f (102) to any virtual key
GetVirtualKey: Could not map char: f (102) to any virtual key
GetVirtualKey: Could not map char: k (107) to any virtual key
GetVirtualKey: Could not map char: p (112) to any virtual key
GetVirtualKey: Could not map char: p (112) to any virtual key
GetVirtualKey: Could not map char: p (112) to any virtual key
GetVirtualKey: Could not map char: c (99) to any virtual key
GetVirtualKey: Could not map char: r (114) to any virtual key
GetVirtualKey: Could not map char: l (108) to any virtual key
GetVirtualKey: Could not map char: P (80) to any virtual key
GetVirtualKey: Could not map char: n (110) to any virtual key
GetVirtualKey: Could not map char: n (110) to any virtual key
GetVirtualKey: Could not map char: g (103) to any virtual key
GetVirtualKey: Could not map char: f (102) to any virtual key
GetVirtualKey: Could not map char: f (102) to any virtual key
GetVirtualKey: Could not map char: a (97) to any virtual key
GetVirtualKey: Could not map char: a (97) to any virtual key
GetVirtualKey: Could not map char: n (110) to any virtual key
GetVirtualKey: Could not map char: o (111) to any virtual key
GetVirtualKey: Could not map char: s (115) to any virtual key
GetVirtualKey: Could not map char: s (115) to any virtual key
GetVirtualKey: Could not map char: b (98) to any virtual key
GetVirtualKey: Could not map char: b (98) to any virtual key
GetVirtualKey: Could not map char: c (99) to any virtual key
[PhysX] Initialized MultithreadedTaskDispatcher with 16 workers.
ProgressiveSceneManager::Cancel()
Unloading 21 Unused Serialized files (Serialized files now loaded: 0)
Unloading 151 unused Assets / (1.9 MB). Loaded Objects now: 9885.
Memory consumption went from 220.9 MB to 219.0 MB.
Total: 5.724600 ms (FindLiveObjects: 0.386400 ms CreateObjectMapping: 0.306900 ms MarkObjects: 4.314300 ms  DeleteObjects: 0.716500 ms)

GetVirtualKey: Could not map char: z (122) to any virtual key
GetVirtualKey: Could not map char: y (121) to any virtual key
GetVirtualKey: Could not map char: u (117) to any virtual key
GetVirtualKey: Could not map char: a (97) to any virtual key
GetVirtualKey: Could not map char: d (100) to any virtual key
GetVirtualKey: Could not map char: c (99) to any virtual key
GetVirtualKey: Could not map char: r (114) to any virtual key
GetVirtualKey: Could not map char: i (105) to any virtual key
GetVirtualKey: Could not map char: x (120) to any virtual key
GetVirtualKey: Could not map char: c (99) to any virtual key
GetVirtualKey: Could not map char: v (118) to any virtual key
GetVirtualKey: Could not map char: V (86) to any virtual key
GetVirtualKey: Could not map char: d (100) to any virtual key
GetVirtualKey: Could not map char: f (102) to any virtual key
GetVirtualKey: Could not map char: f (102) to any virtual key
GetVirtualKey: Could not map char: f (102) to any virtual key
GetVirtualKey: Could not map char: k (107) to any virtual key
GetVirtualKey: Could not map char: p (112) to any virtual key
GetVirtualKey: Could not map char: p (112) to any virtual key
GetVirtualKey: Could not map char: p (112) to any virtual key
GetVirtualKey: Could not map char: c (99) to any virtual key
GetVirtualKey: Could not map char: r (114) to any virtual key
GetVirtualKey: Could not map char: l (108) to any virtual key
GetVirtualKey: Could not map char: P (80) to any virtual key
GetVirtualKey: Could not map char: n (110) to any virtual key
GetVirtualKey: Could not map char: n (110) to any virtual key
GetVirtualKey: Could not map char: g (103) to any virtual key
GetVirtualKey: Could not map char: f (102) to any virtual key
GetVirtualKey: Could not map char: f (102) to any virtual key
GetVirtualKey: Could not map char: a (97) to any virtual key
GetVirtualKey: Could not map char: a (97) to any virtual key
GetVirtualKey: Could not map char: n (110) to any virtual key
GetVirtualKey: Could not map char: o (111) to any virtual key
GetVirtualKey: Could not map char: s (115) to any virtual key
GetVirtualKey: Could not map char: s (115) to any virtual key
GetVirtualKey: Could not map char: b (98) to any virtual key
GetVirtualKey: Could not map char: b (98) to any virtual key
GetVirtualKey: Could not map char: c (99) to any virtual key
Batchmode quit successfully invoked - shutting down!
Curl error 42: Callback aborted
Killing ADB server in 0.0441643 seconds.
[PhysX] Initialized MultithreadedTaskDispatcher with 16 workers.
Input System module state changed to: ShutdownInProgress.
Input System polling thread exited.
Input System module state changed to: Shutdown.
[Licensing::IpcConnector] LicenseClient-Farot-notifications channel disconnected successfully.
[Licensing::IpcConnector] LicenseClient-Farot channel disconnected successfully.
Cleanup mono
abort_threads: Failed aborting id: 0000000000005994, mono_thread_manage will ignore it

abort_threads: Failed aborting id: 00000000000052BC, mono_thread_manage will ignore it

abort_threads: Failed aborting id: 0000000000005994, mono_thread_manage will ignore it

abort_threads: Failed aborting id: 00000000000052BC, mono_thread_manage will ignore it

debugger-agent: Unable to listen on 6724
[usbmuxd] Stop listen thread
[usbmuxd] Listen thread exiting
[Performance] WinEditorMain                                                                                                  :        1 samples, Peak.   799 ms (1.0x), Avg.   799 ms, Total. 799.1 ms (3.4%)
[Performance] WinEditorMain.ConfigureCrashHandler                                                                            :        1 samples, Peak.  22.9 us (1.0x), Avg.  22.9 us, Total. 22.90 us (0.0%)
[Performance] WinEditorMain.CurlRequestInitialize                                                                            :        1 samples, Peak.   339 us (1.0x), Avg.   339 us, Total. 338.6 us (0.0%)
[Performance] WinEditorMain.SetupLogFile                                                                                     :        1 samples, Peak.   167 us (1.0x), Avg.   167 us, Total. 167.3 us (0.0%)
[Performance] WinEditorMain.RunNativeTestsIfRequiredAndExit                                                                  :        1 samples, Peak. 100.0 ns (1.0x), Avg. 100.0 ns, Total. 100.00 ns (0.0%)
[Performance] WinEditorMain.Licensing                                                                                        :        1 samples, Peak.   785 ms (1.0x), Avg.   785 ms, Total. 785.3 ms (3.4%)
[Performance] WinEditorMain.InitializeCrashHandler                                                                           :        1 samples, Peak.  11.2 ms (1.0x), Avg.  11.2 ms, Total. 11.25 ms (0.0%)
[Performance] WinEditorMain.CreateApplication                                                                                :        1 samples, Peak.   254 us (1.0x), Avg.   254 us, Total. 254.1 us (0.0%)
[Performance] Application.InitializeProject                                                                                  :        1 samples, Peak.  17.2 s (1.0x), Avg.  17.2 s, Total. 17.22 s (74.0%)
[Performance] Application.PackageManager.StartServer                                                                         :        1 samples, Peak.   800 us (1.0x), Avg.   800 us, Total. 800.3 us (0.0%)
[Performance] Application.AcquireProjectLock                                                                                 :        1 samples, Peak.  5.94 ms (1.0x), Avg.  5.94 ms, Total. 5.944 ms (0.0%)
[Performance] Application.InitializeEngineNoGraphics                                                                         :        1 samples, Peak.  43.6 ms (1.0x), Avg.  43.6 ms, Total. 43.57 ms (0.2%)
[Performance] Application.PackageManager.Initialize                                                                          :        1 samples, Peak.   250 ms (1.0x), Avg.   250 ms, Total. 250.1 ms (1.1%)
[Performance] Connecting to Package Manager                                                                                  :       26 samples, Peak.  36.5 us (21.3x), Avg.  1.71 us, Total. 44.50 us (0.0%)
[Performance] Application.EngineGraphics.Initialize                                                                          :        1 samples, Peak.   189 ms (1.0x), Avg.   189 ms, Total. 188.6 ms (0.8%)
[Performance] Application.GI.Initialize                                                                                      :        1 samples, Peak.  2.53 ms (1.0x), Avg.  2.53 ms, Total. 2.525 ms (0.0%)
[Performance] Application.LoadAllDefaultResourcesFromEditor                                                                  :        1 samples, Peak.  1.51 ms (1.0x), Avg.  1.51 ms, Total. 1.515 ms (0.0%)
[Performance] Application.LoadMonoAssemblies                                                                                 :        1 samples, Peak.  2.68 s (1.0x), Avg.  2.68 s, Total. 2.679 s (11.5%)
[Performance] RestoreManagedReferences                                                                                       :        2 samples, Peak.  49.1 ms (2.0x), Avg.  24.6 ms, Total. 49.12 ms (0.2%)
[Performance] InitializeOnLoad DrivenRectTransformUndo                                                                       :        2 samples, Peak.   473 us (1.1x), Avg.   426 us, Total. 852.9 us (0.0%)
[Performance] InitializeOnLoad SceneSearch                                                                                   :        2 samples, Peak.   102 us (1.1x), Avg.  92.9 us, Total. 185.8 us (0.0%)
[Performance] InitializeOnLoad CloudBuild                                                                                    :        2 samples, Peak.  3.90 us (1.1x), Avg.  3.70 us, Total. 7.400 us (0.0%)
[Performance] InitializeOnLoad NativeFormatImporterUtility                                                                   :        2 samples, Peak.  2.21 ms (1.3x), Avg.  1.68 ms, Total. 3.366 ms (0.0%)
[Performance] InitializeOnLoad SearchService                                                                                 :        2 samples, Peak.   134 us (1.1x), Avg.   116 us, Total. 232.9 us (0.0%)
[Performance] InitializeOnLoad SettingsService                                                                               :        2 samples, Peak.  8.30 us (1.1x), Avg.  7.25 us, Total. 14.50 us (0.0%)
[Performance] InitializeOnLoad WindowLayout                                                                                  :        2 samples, Peak.   202 us (1.1x), Avg.   191 us, Total. 382.2 us (0.0%)
[Performance] InitializeOnLoad AssetStoreContext                                                                             :        2 samples, Peak.  14.7 ms (1.7x), Avg.  8.89 ms, Total. 17.78 ms (0.1%)
[Performance] InitializeOnLoad PoolManager                                                                                   :        2 samples, Peak.   457 us (1.1x), Avg.   426 us, Total. 852.4 us (0.0%)
[Performance] InitializeOnLoad MixerEffectDefinitionReloader                                                                 :        2 samples, Peak.  2.25 ms (1.4x), Avg.  1.67 ms, Total. 3.338 ms (0.0%)
[Performance] InitializeOnLoad ProjectSearch                                                                                 :        2 samples, Peak.  88.4 us (1.2x), Avg.  72.7 us, Total. 145.5 us (0.0%)
[Performance] InitializeOnLoad UISystemProfilerRenderService                                                                 :        2 samples, Peak.  7.20 us (1.1x), Avg.  6.85 us, Total. 13.70 us (0.0%)
[Performance] InitializeOnLoad EditMode                                                                                      :        2 samples, Peak.   399 us (1.2x), Avg.   336 us, Total. 671.5 us (0.0%)
[Performance] InitializeOnLoad UnityConnect                                                                                  :        2 samples, Peak.  62.9 us (1.2x), Avg.  53.8 us, Total. 107.6 us (0.0%)
[Performance] InitializeOnLoad ManagedDebugger                                                                               :        2 samples, Peak.   469 us (1.7x), Avg.   284 us, Total. 567.4 us (0.0%)
[Performance] InitializeOnLoad ShortcutIntegration                                                                           :        2 samples, Peak.  51.4 us (1.1x), Avg.  46.8 us, Total. 93.50 us (0.0%)
[Performance] InitializeOnLoad AddComponentWindow                                                                            :        2 samples, Peak.  84.7 us (1.0x), Avg.  82.7 us, Total. 165.3 us (0.0%)
[Performance] InitializeOnLoad ManagedDebuggerWindow                                                                         :        2 samples, Peak.   103 us (1.0x), Avg.   100 us, Total. 200.5 us (0.0%)
[Performance] InitializeOnLoad CacheServerWindow                                                                             :        2 samples, Peak.  8.10 us (1.2x), Avg.  6.55 us, Total. 13.10 us (0.0%)
[Performance] InitializeOnLoad PlayModeDownload                                                                              :        2 samples, Peak.  3.60 ms (1.9x), Avg.  1.85 ms, Total. 3.699 ms (0.0%)
[Performance] InitializeOnLoad MenuItems                                                                                     :        2 samples, Peak.  87.1 us (1.2x), Avg.  73.1 us, Total. 146.2 us (0.0%)
[Performance] InitializeOnLoad PrefabInstanceChangedListener                                                                 :        2 samples, Peak.   112 us (1.1x), Avg.   106 us, Total. 211.5 us (0.0%)
[Performance] InitializeOnLoad ObjectSelectorSearch                                                                          :        2 samples, Peak.  35.3 us (1.0x), Avg.  35.2 us, Total. 70.50 us (0.0%)
[Performance] InitializeOnLoad EditorMonitor                                                                                 :        2 samples, Peak.   467 us (1.1x), Avg.   415 us, Total. 830.7 us (0.0%)
[Performance] InitializeOnLoad RetainedMode                                                                                  :        2 samples, Peak.  1.83 ms (1.1x), Avg.  1.73 ms, Total. 3.451 ms (0.0%)
[Performance] InitializeOnLoad EditorShaderLoader                                                                            :        2 samples, Peak.   551 us (1.1x), Avg.   482 us, Total. 963.6 us (0.0%)
[Performance] InitializeOnLoad EditorDelegateRegistration                                                                    :        2 samples, Peak.   375 us (1.1x), Avg.   356 us, Total. 711.6 us (0.0%)
[Performance] InitializeOnLoad UIDocumentHierarchyWatcher                                                                    :        2 samples, Peak.  65.3 us (1.1x), Avg.  59.9 us, Total. 119.8 us (0.0%)
[Performance] InitializeOnLoad LiveReloadTrackerCreator                                                                      :        2 samples, Peak.   133 us (1.0x), Avg.   130 us, Total. 259.3 us (0.0%)
[Performance] InitializeOnLoad UxmlObjectEditorFactories                                                                     :        2 samples, Peak.   356 us (1.0x), Avg.   352 us, Total. 704.2 us (0.0%)
[Performance] InitializeOnLoad UXMLEditorFactories                                                                           :        2 samples, Peak.  45.0 ms (1.0x), Avg.  44.4 ms, Total. 88.80 ms (0.4%)
[Performance] InitializeOnLoad PurchasingService                                                                             :        2 samples, Peak.  5.63 ms (1.7x), Avg.  3.41 ms, Total. 6.814 ms (0.0%)
[Performance] InitializeOnLoad CloudBuildPoller                                                                              :        2 samples, Peak.  97.0 us (1.0x), Avg.  95.9 us, Total. 191.8 us (0.0%)
[Performance] InitializeOnLoad EditorGameServicesAnalytics                                                                   :        2 samples, Peak.  1.39 ms (1.6x), Avg.   855 us, Total. 1.710 ms (0.0%)
[Performance] InitializeOnLoad AnalyticsService                                                                              :        2 samples, Peak.   207 us (1.2x), Avg.   169 us, Total. 337.2 us (0.0%)
[Performance] InitializeOnLoad BuildService                                                                                  :        2 samples, Peak.   123 us (1.0x), Avg.   120 us, Total. 239.1 us (0.0%)
[Performance] InitializeOnLoad AdsService                                                                                    :        2 samples, Peak.   347 us (1.1x), Avg.   318 us, Total. 635.3 us (0.0%)
[Performance] InitializeOnLoad UDPService                                                                                    :        2 samples, Peak.   125 us (1.0x), Avg.   120 us, Total. 239.4 us (0.0%)
[Performance] InitializeOnLoad CrashService                                                                                  :        2 samples, Peak.   119 us (1.0x), Avg.   114 us, Total. 227.9 us (0.0%)
[Performance] InitializeOnLoad ServicesRepository                                                                            :        2 samples, Peak.   800 ns (1.1x), Avg.   700 ns, Total. 1.400 us (0.0%)
[Performance] InitializeOnLoad SearchWindow                                                                                  :        2 samples, Peak.   111 us (1.1x), Avg.   104 us, Total. 207.0 us (0.0%)
[Performance] InitializeOnLoad CustomIndexers                                                                                :        2 samples, Peak.  15.1 ms (1.1x), Avg.  13.4 ms, Total. 26.77 ms (0.1%)
[Performance] InitializeOnLoad SearchMonitor                                                                                 :        2 samples, Peak.  1.01 ms (1.3x), Avg.   794 us, Total. 1.588 ms (0.0%)
[Performance] InitializeOnLoad ParameterControllerEditor                                                                     :        2 samples, Peak.  16.8 us (1.1x), Avg.  15.3 us, Total. 30.60 us (0.0%)
[Performance] InitializeOnLoad LayerSettingsWindow                                                                           :        2 samples, Peak.  19.2 us (1.7x), Avg.  11.0 us, Total. 22.00 us (0.0%)
[Performance] InitializeOnLoad PackageManagerHookGUIDConverter.RegisterPackagesEventHandler                                  :        2 samples, Peak.   614 us (1.7x), Avg.   366 us, Total. 732.6 us (0.0%)
[Performance] InitializeOnLoad EditorDragAndDrop.RegisterEditorClient                                                        :        2 samples, Peak.   317 us (1.3x), Avg.   240 us, Total. 479.3 us (0.0%)
[Performance] InitializeOnLoad EditorEventCallbacks.InitializeFontAssetResourceChangeCallBacks                               :        2 samples, Peak.   897 us (1.1x), Avg.   828 us, Total. 1.655 ms (0.0%)
[Performance] InitializeOnLoad SceneTemplateService.Init                                                                     :        2 samples, Peak.  1.08 ms (1.0x), Avg.  1.04 ms, Total. 2.071 ms (0.0%)
[Performance] InitializeOnLoad DiagnosticSwitchesConsoleMessage.Init                                                         :        2 samples, Peak.  5.83 ms (1.9x), Avg.  3.13 ms, Total. 6.257 ms (0.0%)
[Performance] InitializeOnLoad PackageManagerWindow.EditorInitializedInSafeMode                                              :        2 samples, Peak.  20.3 ms (2.0x), Avg.  10.2 ms, Total. 20.48 ms (0.1%)
[Performance] InitializeOnLoad ToolShortcutContext.Init                                                                      :        2 samples, Peak.   166 us (1.2x), Avg.   141 us, Total. 282.1 us (0.0%)
[Performance] InitializeOnLoad MemoryProfilerCompilationGuard.InjectCompileGuard                                             :        2 samples, Peak.   129 us (1.2x), Avg.   106 us, Total. 211.0 us (0.0%)
[Performance] InitializeOnLoad AssetPostprocessingInternal.RefreshCustomDependencies                                         :        2 samples, Peak.  2.29 ms (1.2x), Avg.  1.85 ms, Total. 3.693 ms (0.0%)
[Performance] InitializeOnLoad SysrootManager.Initialize                                                                     :        2 samples, Peak.   347 us (1.1x), Avg.   324 us, Total. 647.4 us (0.0%)
[Performance] InitializeOnLoad ScopedRegistryAddedPopup.SubscribeToRegistriesAdded                                           :        2 samples, Peak.  6.25 ms (2.0x), Avg.  3.17 ms, Total. 6.340 ms (0.0%)
[Performance] InitializeOnLoad SceneVisibilityManager.Initialize                                                             :        2 samples, Peak.  2.56 ms (1.4x), Avg.  1.83 ms, Total. 3.650 ms (0.0%)
[Performance] InitializeOnLoad EditorWindow.Initialize                                                                       :        2 samples, Peak.   368 us (1.3x), Avg.   276 us, Total. 552.8 us (0.0%)
[Performance] AssemblyReloadEvents.afterAssemblyReload: UnityEditor.SceneTemplate.SceneTemplateService.AfterAssemblyReload   :        2 samples, Peak.  3.00 ms (1.9x), Avg.  1.62 ms, Total. 3.236 ms (0.0%)
[Performance] ProcessService.EditorAfterLoadAllAssemblies                                                                    :        2 samples, Peak.   444 us (1.4x), Avg.   328 us, Total. 655.8 us (0.0%)
[Performance] Application.ReadLicenseInfo                                                                                    :        1 samples, Peak.  23.4 ms (1.0x), Avg.  23.4 ms, Total. 23.43 ms (0.1%)
[Performance] Application.InitialRefresh                                                                                     :        1 samples, Peak.  12.6 s (1.0x), Avg.  12.6 s, Total. 12.59 s (54.1%)
[Performance] ShaderImporter.SourceAssetModified                                                                             :        2 samples, Peak.   600 ns (1.1x), Avg.   550 ns, Total. 1.100 us (0.0%)
[Performance] ShaderIncludeImporter.SourceAssetModified                                                                      :        2 samples, Peak.   600 ns (1.1x), Avg.   550 ns, Total. 1.100 us (0.0%)
[Performance] Compiling Scripts                                                                                              :        1 samples, Peak.  4.28 s (1.0x), Avg.  4.28 s, Total. 4.277 s (18.4%)
[Performance] AssemblyReloadEvents.beforeAssemblyReload: UnityEditor.SceneTemplate.SceneTemplateService.BeforeAssemblyReload :        1 samples, Peak.   367 us (1.0x), Avg.   367 us, Total. 366.8 us (0.0%)
[Performance] PresetManagerPostProcessor.OnPreprocessAsset                                                                   :        5 samples, Peak.   920 us (4.7x), Avg.   196 us, Total. 978.3 us (0.0%)
[Performance] NugetAssetPostprocessor.OnPreprocessAsset                                                                      :        5 samples, Peak.  64.7 ms (5.0x), Avg.  13.0 ms, Total. 64.81 ms (0.3%)
[Performance] CancelSplashScreenOnAssetChange.OnPreprocessAsset                                                              :        5 samples, Peak.   136 us (4.7x), Avg.  29.2 us, Total. 146.1 us (0.0%)
[Performance] ShaderGraphAssetPostProcessor.OnPreprocessAsset                                                                :        5 samples, Peak.   173 us (4.4x), Avg.  39.0 us, Total. 195.2 us (0.0%)
[Performance] InitializeOnLoad RegisterCheckSceneDupeDependencies                                                            :        1 samples, Peak.  1.08 ms (1.0x), Avg.  1.08 ms, Total. 1.076 ms (0.0%)
[Performance] InitializeOnLoad GlobalInitialization                                                                          :        1 samples, Peak.   303 us (1.0x), Avg.   303 us, Total. 303.5 us (0.0%)
[Performance] InitializeOnLoad AddressableEditorInitialization                                                               :        1 samples, Peak.   131 ms (1.0x), Avg.   131 ms, Total. 131.4 ms (0.6%)
[Performance] InitializeOnLoad RegisterCheckResourcesDupeDependencies                                                        :        1 samples, Peak.   133 us (1.0x), Avg.   133 us, Total. 133.3 us (0.0%)
[Performance] InitializeOnLoad RegisterBuildBundleLayout                                                                     :        1 samples, Peak.  77.8 us (1.0x), Avg.  77.8 us, Total. 77.80 us (0.0%)
[Performance] InitializeOnLoad GroupsPopupWindow                                                                             :        1 samples, Peak.  4.30 us (1.0x), Avg.  4.30 us, Total. 4.300 us (0.0%)
[Performance] InitializeOnLoad RegisterCheckBundleDupeDependencies                                                           :        1 samples, Peak.   120 us (1.0x), Avg.   120 us, Total. 119.9 us (0.0%)
[Performance] InitializeOnLoad AddressableAssetInspectorGUI                                                                  :        1 samples, Peak.  17.9 ms (1.0x), Avg.  17.9 ms, Total. 17.95 ms (0.1%)
[Performance] EditorResources.Load                                                                                           :        9 samples, Peak.  14.6 ms (8.9x), Avg.  1.64 ms, Total. 14.77 ms (0.1%)
[Performance] InitializeOnLoad InputSystem                                                                                   :        1 samples, Peak.  39.2 ms (1.0x), Avg.  39.2 ms, Total. 39.22 ms (0.2%)
[Performance] InitializeOnLoad EnableUITKEditor                                                                              :        1 samples, Peak.  45.9 us (1.0x), Avg.  45.9 us, Total. 45.90 us (0.0%)
[Performance] InitializeOnLoad TouchSimulation                                                                               :        1 samples, Peak.   157 us (1.0x), Avg.   157 us, Total. 157.3 us (0.0%)
[Performance] InitializeOnLoad InputSystemUIInputModuleEditor                                                                :        1 samples, Peak.  87.0 us (1.0x), Avg.  87.0 us, Total. 87.00 us (0.0%)
[Performance] InitializeOnLoad BurstLoader                                                                                   :        1 samples, Peak.  3.63 s (1.0x), Avg.  3.63 s, Total. 3.631 s (15.6%)
[Performance] InitializeOnLoad ShadowCasterGroup2DManager                                                                    :        1 samples, Peak.   403 us (1.0x), Avg.   403 us, Total. 403.2 us (0.0%)
[Performance] InitializeOnLoad UnityProviderInitializer                                                                      :        1 samples, Peak.  1.21 ms (1.0x), Avg.  1.21 ms, Total. 1.206 ms (0.0%)
[Performance] InitializeOnLoad UltimateJoystickReadmeEditor                                                                  :        1 samples, Peak.   104 ms (1.0x), Avg.   104 ms, Total. 104.3 ms (0.4%)
[Performance] InitializeOnLoad SceneSwitchLeftButton                                                                         :        1 samples, Peak.   493 us (1.0x), Avg.   493 us, Total. 492.8 us (0.0%)
[Performance] InitializeOnLoad RegisterSceneToAssetNoUnityBuildInAnalyzeRule                                                 :        1 samples, Peak.   111 us (1.0x), Avg.   111 us, Total. 111.1 us (0.0%)
[Performance] InitializeOnLoad ToolbarExtender                                                                               :        1 samples, Peak.   900 ns (1.0x), Avg.   900 ns, Total. 900.0 ns (0.0%)
[Performance] InitializeOnLoad PrefColorBridge                                                                               :        1 samples, Peak.   568 us (1.0x), Avg.   568 us, Total. 567.7 us (0.0%)
[Performance] InitializeOnLoad DrivenPropertyDrawer                                                                          :        1 samples, Peak.   234 us (1.0x), Avg.   234 us, Total. 233.7 us (0.0%)
[Performance] InitializeOnLoad LocaleAnalyzeRule                                                                             :        1 samples, Peak.   127 us (1.0x), Avg.   127 us, Total. 127.1 us (0.0%)
[Performance] InitializeOnLoad LocalizeComponent                                                                             :        1 samples, Peak.  1.83 ms (1.0x), Avg.  1.83 ms, Total. 1.826 ms (0.0%)
[Performance] InitializeOnLoad StringTableAnalyzeRule                                                                        :        1 samples, Peak.   286 us (1.0x), Avg.   286 us, Total. 286.0 us (0.0%)
[Performance] InitializeOnLoad LocalizeComponent_UGUI                                                                        :        1 samples, Peak.   272 us (1.0x), Avg.   272 us, Total. 271.6 us (0.0%)
[Performance] InitializeOnLoad LocalizeComponent_TMPro                                                                       :        1 samples, Peak.  61.3 us (1.0x), Avg.  61.3 us, Total. 61.30 us (0.0%)
[Performance] InitializeOnLoad AssetTableAnalyzeRule                                                                         :        1 samples, Peak.   181 us (1.0x), Avg.   181 us, Total. 181.3 us (0.0%)
[Performance] InitializeOnLoad ContextualPropertyMenu                                                                        :        1 samples, Peak.   149 us (1.0x), Avg.   149 us, Total. 148.9 us (0.0%)
[Performance] InitializeOnLoad ScenePropertyTracker                                                                          :        1 samples, Peak.  97.6 us (1.0x), Avg.  97.6 us, Total. 97.60 us (0.0%)
[Performance] InitializeOnLoad GameViewLanguageMenu                                                                          :        1 samples, Peak.   387 us (1.0x), Avg.   387 us, Total. 386.5 us (0.0%)
[Performance] InitializeOnLoad BackgroundWatcher                                                                             :        1 samples, Peak.   104 us (1.0x), Avg.   104 us, Total. 103.6 us (0.0%)
[Performance] InitializeOnLoad UnityTestProtocolStarter                                                                      :        1 samples, Peak.   141 us (1.0x), Avg.   141 us, Total. 141.3 us (0.0%)
[Performance] InitializeOnLoad TestStarter                                                                                   :        1 samples, Peak.   536 us (1.0x), Avg.   536 us, Total. 535.6 us (0.0%)
[Performance] InitializeOnLoad RerunCallbackInitializer                                                                      :        1 samples, Peak.  2.53 ms (1.0x), Avg.  2.53 ms, Total. 2.534 ms (0.0%)
[Performance] InitializeOnLoad RiderScriptEditor                                                                             :        1 samples, Peak.  15.4 ms (1.0x), Avg.  15.4 ms, Total. 15.42 ms (0.1%)
[Performance] InitializeOnLoad CallbackInitializer                                                                           :        1 samples, Peak.  1.43 ms (1.0x), Avg.  1.43 ms, Total. 1.435 ms (0.0%)
[Performance] InitializeOnLoad ProbeGIBaking                                                                                 :        1 samples, Peak.  2.18 ms (1.0x), Avg.  2.18 ms, Total. 2.179 ms (0.0%)
[Performance] InitializeOnLoad FilterWindow                                                                                  :        1 samples, Peak.  35.3 us (1.0x), Avg.  35.3 us, Total. 35.30 us (0.0%)
[Performance] InitializeOnLoad RealtimeProbeSubdivisionDebug                                                                 :        1 samples, Peak.   270 us (1.0x), Avg.   270 us, Total. 270.0 us (0.0%)
[Performance] InitializeOnLoad SpriteEditorWindow                                                                            :        1 samples, Peak.   356 us (1.0x), Avg.   356 us, Total. 356.0 us (0.0%)
[Performance] InitializeOnLoad SplineExtrudeUtility                                                                          :        1 samples, Peak.   238 us (1.0x), Avg.   238 us, Total. 237.7 us (0.0%)
[Performance] InitializeOnLoad SplineDataReorderableListUtility                                                              :        1 samples, Peak.   146 us (1.0x), Avg.   146 us, Total. 145.5 us (0.0%)
[Performance] InitializeOnLoad PlasticPlugin                                                                                 :        1 samples, Peak.  12.8 ms (1.0x), Avg.  12.8 ms, Total. 12.76 ms (0.1%)
[Performance] InitializeOnLoad ToolbarBootstrap                                                                              :        1 samples, Peak.  62.0 ms (1.0x), Avg.  62.0 ms, Total. 62.01 ms (0.3%)
[Performance] InitializeOnLoad PrefabLayoutRebuilder                                                                         :        1 samples, Peak.   191 us (1.0x), Avg.   191 us, Total. 191.4 us (0.0%)
[Performance] InitializeOnLoad VSCodeScriptEditor                                                                            :        1 samples, Peak.  3.33 ms (1.0x), Avg.  3.33 ms, Total. 3.332 ms (0.0%)
[Performance] InitializeOnLoad NodeClassCache                                                                                :        1 samples, Peak.  5.10 us (1.0x), Avg.  5.10 us, Total. 5.100 us (0.0%)
[Performance] InitializeOnLoad ShaderGraphMaterialsUpdater                                                                   :        2 samples, Peak.   268 us (1.5x), Avg.   176 us, Total. 351.7 us (0.0%)
[Performance] InitializeOnLoad Renderer2DAnalytics                                                                           :        1 samples, Peak.  69.3 us (1.0x), Avg.  69.3 us, Total. 69.30 us (0.0%)
[Performance] InitializeOnLoad EditorToolManager                                                                             :        1 samples, Peak.  1.63 ms (1.0x), Avg.  1.63 ms, Total. 1.630 ms (0.0%)
[Performance] InitializeOnLoad OnLoadNugetPackageRestorer                                                                    :        1 samples, Peak.  33.0 ms (1.0x), Avg.  33.0 ms, Total. 32.97 ms (0.1%)
[Performance] InitializeOnLoad VSUsageUtility                                                                                :        1 samples, Peak.   135 ms (1.0x), Avg.   135 ms, Total. 135.4 ms (0.6%)
[Performance] InitializeOnLoad VisualStudioIntegration                                                                       :        1 samples, Peak.  10.3 ms (1.0x), Avg.  10.3 ms, Total. 10.27 ms (0.0%)
[Performance] InitializeOnLoad VisualStudioEditor                                                                            :        1 samples, Peak.  1.90 us (1.0x), Avg.  1.90 us, Total. 1.900 us (0.0%)
[Performance] InitializeOnLoad TestRunnerApiListener                                                                         :        1 samples, Peak.   684 us (1.0x), Avg.   684 us, Total. 684.5 us (0.0%)
[Performance] InitializeOnLoad PlayerLoopHelper.InitOnEditor                                                                 :        2 samples, Peak.  4.41 ms (1.6x), Avg.  2.80 ms, Total. 5.598 ms (0.0%)
[Performance] InitializeOnLoad SysrootPackage.IssueWarningIfLinuxIL2CPPNotPresent                                            :        1 samples, Peak.   174 us (1.0x), Avg.   174 us, Total. 173.6 us (0.0%)
[Performance] InitializeOnLoad ProfileDataSourceSettings.InitializeCloudEnvironment                                          :        1 samples, Peak.   244 us (1.0x), Avg.   244 us, Total. 243.9 us (0.0%)
[Performance] InitializeOnLoad AddressableAssetSettings.CheckCCDStatus                                                       :        1 samples, Peak.   104 us (1.0x), Avg.   104 us, Total. 104.2 us (0.0%)
[Performance] InitializeOnLoad AddressablesBuildScriptHooks.Init                                                             :        1 samples, Peak.  93.8 us (1.0x), Avg.  93.8 us, Total. 93.80 us (0.0%)
[Performance] InitializeOnLoad AddressableAssetSettings.RegisterWithAssetPostProcessor                                       :        1 samples, Peak.   627 us (1.0x), Avg.   627 us, Total. 627.4 us (0.0%)
[Performance] InitializeOnLoad AddressablesPlayerBuildProcessor.CleanTemporaryPlayerBuildData                                :        1 samples, Peak.  1.14 ms (1.0x), Avg.  1.14 ms, Total. 1.142 ms (0.0%)
[Performance] InitializeOnLoad InputSystemPackageControl.SubscribePackageManagerEvent                                        :        1 samples, Peak.  90.6 us (1.0x), Avg.  90.6 us, Total. 90.60 us (0.0%)
[Performance] InitializeOnLoad InputSystemPluginControl.CheckForExtension                                                    :        1 samples, Peak.  1.63 ms (1.0x), Avg.  1.63 ms, Total. 1.633 ms (0.0%)
[Performance] InitializeOnLoad TCP2_Upgrader.OnLoad                                                                          :        1 samples, Peak.  1.08 ms (1.0x), Avg.  1.08 ms, Total. 1.077 ms (0.0%)
[Performance] InitializeOnLoad MaterialReimporter.RegisterUpgraderReimport                                                   :        2 samples, Peak.   228 us (1.7x), Avg.   135 us, Total. 270.7 us (0.0%)
[Performance] InitializeOnLoad VisualStudioEditor.LegacyVisualStudioCodePackageDisabler                                      :        1 samples, Peak.  1.73 ms (1.0x), Avg.  1.73 ms, Total. 1.735 ms (0.0%)
[Performance] InitializeOnLoad GUIClipProxy.Setup                                                                            :        1 samples, Peak.  1.32 ms (1.0x), Avg.  1.32 ms, Total. 1.319 ms (0.0%)
[Performance] InitializeOnLoad TextAnimatorSetupWindow.TryShowingWindowOnLoad                                                :        1 samples, Peak.   312 us (1.0x), Avg.   312 us, Total. 312.1 us (0.0%)
[Performance] InitializeOnLoad $BurstDirectCallInitializer.Initialize                                                        :        1 samples, Peak.  7.72 ms (1.0x), Avg.  7.72 ms, Total. 7.720 ms (0.0%)
[Performance] InitializeOnLoad UnityMainThreadDispatcher.Initialize                                                          :        1 samples, Peak.   285 us (1.0x), Avg.   285 us, Total. 284.7 us (0.0%)
[Performance] InitializeOnLoad UIParticleUpdater.InitializeOnLoad                                                            :        1 samples, Peak.   658 us (1.0x), Avg.   658 us, Total. 658.2 us (0.0%)
[Performance] InitializeOnLoad UISoftMaskProjectSettings.InitializeOnLoadMethod                                              :        1 samples, Peak.  1.41 ms (1.0x), Avg.  1.41 ms, Total. 1.406 ms (0.0%)
[Performance] InitializeOnLoad SoftMaskUtils.InitializeOnLoadMethod                                                          :        1 samples, Peak.  4.09 ms (1.0x), Avg.  4.09 ms, Total. 4.088 ms (0.0%)
[Performance] InitializeOnLoad UIExtraCallbacks.InitializeOnLoad                                                             :        1 samples, Peak.   373 us (1.0x), Avg.   373 us, Total. 372.8 us (0.0%)
[Performance] InitializeOnLoad SplineCacheUtility.Initialize                                                                 :        1 samples, Peak.  1.07 ms (1.0x), Avg.  1.07 ms, Total. 1.072 ms (0.0%)
[Performance] InitializeOnLoad TestJobDataHolder.ResumeRunningJobs                                                           :        1 samples, Peak.  1.04 ms (1.0x), Avg.  1.04 ms, Total. 1.041 ms (0.0%)
[Performance] InitializeOnLoad AnalyticsReporter.RegisterCallbacks                                                           :        1 samples, Peak.   350 us (1.0x), Avg.   350 us, Total. 349.9 us (0.0%)
[Performance] InitializeOnLoad DebugManagerWindowLifetimeAnalytic.SubscribeToDebugManagerOpenCloseWindows                    :        1 samples, Peak.   827 us (1.0x), Avg.   827 us, Total. 827.2 us (0.0%)
[Performance] InitializeOnLoad CoreRenderPipelinePreferences.InitPreferenceProviders                                         :        1 samples, Peak.  34.3 ms (1.0x), Avg.  34.3 ms, Total. 34.30 ms (0.1%)
[Performance] InitializeOnLoad VolumeGizmoDrawer.InitVolumeGizmoCallbacks                                                    :        1 samples, Peak.   328 us (1.0x), Avg.   328 us, Total. 327.7 us (0.0%)
[Performance] InitializeOnLoad Addressables.RegisterPlayModeStateChange                                                      :        1 samples, Peak.  60.7 us (1.0x), Avg.  60.7 us, Total. 60.70 us (0.0%)
[Performance] InitializeOnLoad AssetReference.RegisterForPlaymodeChange                                                      :        1 samples, Peak.   433 us (1.0x), Avg.   433 us, Total. 432.7 us (0.0%)
[Performance] InitializeOnLoad SceneViewUIObjectPickerContextWindow.OnSceneViewGUI                                           :        1 samples, Peak.   361 us (1.0x), Avg.   361 us, Total. 360.7 us (0.0%)
[Performance] DidReloadScriptsAdvancedDropdownWindow.OnScriptReload                                                          :        2 samples, Peak.   306 us (1.2x), Avg.   245 us, Total. 490.5 us (0.0%)
[Performance] DidReloadScriptsTestRunnerWindow.CompilationCallback                                                           :        1 samples, Peak.   196 us (1.0x), Avg.   196 us, Total. 195.8 us (0.0%)
[Performance] DidReloadScriptsTestListCache.ScriptReloaded                                                                   :        1 samples, Peak.  1.69 ms (1.0x), Avg.  1.69 ms, Total. 1.692 ms (0.0%)
[Performance] DidReloadScriptsLookDev.OnEditorReload                                                                         :        1 samples, Peak.   248 us (1.0x), Avg.   248 us, Total. 247.5 us (0.0%)
[Performance] DidReloadScriptsDebugWindow.OnEditorReload                                                                     :        1 samples, Peak.  4.93 ms (1.0x), Avg.  4.93 ms, Total. 4.933 ms (0.0%)
[Performance] DidReloadScriptsVolumeComponentEditor.OnEditorReload                                                           :        1 samples, Peak.  15.8 ms (1.0x), Avg.  15.8 ms, Total. 15.78 ms (0.1%)
[Performance] AssetDatabase.ImportAssets                                                                                     :        3 samples, Peak.  1.20 us (1.7x), Avg.   700 ns, Total. 2.100 us (0.0%)
[Performance] VersionControl.Task.Wait                                                                                       :        1 samples, Peak.  10.7 us (1.0x), Avg.  10.7 us, Total. 10.70 us (0.0%)
[Performance] Postprocessor.OnPostprocessAllAssets                                                                           :        4 samples, Peak.  3.97 ms (1.8x), Avg.  2.18 ms, Total. 8.720 ms (0.0%)
[Performance] CgincPathSync.OnPostprocessAllAssets                                                                           :        2 samples, Peak.  19.7 ms (1.0x), Avg.  19.7 ms, Total. 39.38 ms (0.2%)
[Performance] NugetAssetPostprocessor.OnPostprocessAllAssets                                                                 :        2 samples, Peak.   767 us (1.0x), Avg.   765 us, Total. 1.530 ms (0.0%)
[Performance] TMPro_TexturePostProcessor.OnPostprocessAllAssets                                                              :        2 samples, Peak.   295 us (1.0x), Avg.   294 us, Total. 587.5 us (0.0%)
[Performance] TCP2_ShaderPostProcessor.OnPostprocessAllAssets                                                                :        2 samples, Peak.   267 us (1.0x), Avg.   266 us, Total. 531.5 us (0.0%)
[Performance] AssetPostprocessor.OnPostprocessAllAssets                                                                      :        2 samples, Peak.   695 us (1.0x), Avg.   694 us, Total. 1.387 ms (0.0%)
[Performance] BuilderAssetPostprocessor.OnPostprocessAllAssets                                                               :        2 samples, Peak.  1.91 ms (1.0x), Avg.  1.90 ms, Total. 3.807 ms (0.0%)
[Performance] AddressablesAssetPostProcessor.OnPostprocessAllAssets                                                          :        2 samples, Peak.  2.26 ms (1.0x), Avg.  2.26 ms, Total. 4.524 ms (0.0%)
[Performance] ArtifactBrowserPostProcessor.OnPostprocessAllAssets                                                            :        2 samples, Peak.   356 us (1.0x), Avg.   354 us, Total. 708.7 us (0.0%)
[Performance] AssetEvents.OnPostprocessAllAssets                                                                             :        4 samples, Peak.   154 us (1.5x), Avg.   101 us, Total. 402.4 us (0.0%)
[Performance] AudioMixerPostprocessor.OnPostprocessAllAssets                                                                 :        2 samples, Peak.   244 us (1.0x), Avg.   243 us, Total. 485.4 us (0.0%)
[Performance] StyleCatalogPostProcessor.OnPostprocessAllAssets                                                               :        2 samples, Peak.  26.1 ms (1.0x), Avg.  26.1 ms, Total. 52.21 ms (0.2%)
[Performance] BuildCatalog                                                                                                   :        1 samples, Peak.  25.4 ms (1.0x), Avg.  25.4 ms, Total. 25.44 ms (0.1%)
[Performance] ModelImporterPostProcessor.OnPostprocessAllAssets                                                              :        2 samples, Peak.   784 us (1.0x), Avg.   782 us, Total. 1.564 ms (0.0%)
[Performance] MaterialPostprocessor.OnPostprocessAllAssets                                                                   :        4 samples, Peak.   673 us (1.2x), Avg.   560 us, Total. 2.242 ms (0.0%)
[Performance] UniversalRenderPipelineGlobalSettingsPostprocessor.OnPostprocessAllAssets                                      :        2 samples, Peak.  1.02 ms (1.0x), Avg.  1.01 ms, Total. 2.029 ms (0.0%)
[Performance] RetainedModeAssetPostprocessor.OnPostprocessAllAssets                                                          :        2 samples, Peak.  1.78 ms (1.0x), Avg.  1.77 ms, Total. 3.548 ms (0.0%)
[Performance] AssetChangedListener.OnPostprocessAllAssets                                                                    :        2 samples, Peak.  1.17 ms (1.0x), Avg.  1.17 ms, Total. 2.330 ms (0.0%)
[Performance] PostProcessor.OnPostprocessAllAssets                                                                           :        2 samples, Peak.   287 us (1.0x), Avg.   285 us, Total. 569.6 us (0.0%)
[Performance] ShaderGraphAssetPostProcessor.OnPostprocessAllAssets                                                           :        2 samples, Peak.  1.30 ms (1.0x), Avg.  1.30 ms, Total. 2.604 ms (0.0%)
[Performance] SpeedTreePostProcessor.OnPostprocessAllAssets                                                                  :        2 samples, Peak.   161 us (1.0x), Avg.   160 us, Total. 320.1 us (0.0%)
[Performance] TextAssetPostProcessor.OnPostprocessAllAssets                                                                  :        2 samples, Peak.   308 us (1.0x), Avg.   306 us, Total. 612.8 us (0.0%)
[Performance] SpriteEditorTexturePostprocessor.OnPostprocessAllAssets                                                        :        2 samples, Peak.   267 us (1.0x), Avg.   265 us, Total. 530.3 us (0.0%)
[Performance] AssetPathToTypes.OnPostprocessAllAssets                                                                        :        2 samples, Peak.   248 us (1.0x), Avg.   247 us, Total. 493.1 us (0.0%)
[Performance] InputActionAssetPostprocessor.OnPostprocessAllAssets                                                           :        2 samples, Peak.   321 us (1.0x), Avg.   320 us, Total. 639.6 us (0.0%)
[Performance] InputActionJsonNameModifierAssetProcessor.OnPostprocessAllAssets                                               :        2 samples, Peak.  97.5 us (1.0x), Avg.  96.2 us, Total. 192.4 us (0.0%)
[Performance] ProjectSettingsPostprocessor.OnPostprocessAllAssets                                                            :        2 samples, Peak.   121 us (1.0x), Avg.   120 us, Total. 239.2 us (0.0%)
[Performance] LocalizationAssetPostProcessor.OnPostprocessAllAssets                                                          :        2 samples, Peak.   842 us (1.0x), Avg.   841 us, Total. 1.681 ms (0.0%)
[Performance] SyncVS.PostprocessSyncProject                                                                                  :        1 samples, Peak.   426 ms (1.0x), Avg.   426 ms, Total. 426.3 ms (1.8%)
[Performance] EditorApplication.projectChanged: UnityEditor.Audio.MixerEffectDefinitionReloader.OnProjectChanged             :        1 samples, Peak.   309 us (1.0x), Avg.   309 us, Total. 308.8 us (0.0%)
[Performance] EditorApplication.projectChanged: UnityEngine.InputSystem.LowLevel.NativeInputRuntime.OnProjectChanged         :        1 samples, Peak.   162 us (1.0x), Avg.   162 us, Total. 162.3 us (0.0%)
[Performance] Application.ImportPackagesAndSetTemplateWhenCreatingProject                                                    :        1 samples, Peak.  9.25 ms (1.0x), Avg.  9.25 ms, Total. 9.253 ms (0.0%)
[Performance] Application.SyncCurrentColorSpace                                                                              :        1 samples, Peak.   115 ms (1.0x), Avg.   115 ms, Total. 114.6 ms (0.5%)
[Performance] Application.OnUsbDevicesChanged                                                                                :        1 samples, Peak.  3.17 ms (1.0x), Avg.  3.17 ms, Total. 3.173 ms (0.0%)
[Performance] Application.AssetInstanceCacheUpdate                                                                           :        1 samples, Peak.   300 ns (1.0x), Avg.   300 ns, Total. 300.0 ns (0.0%)
[Performance] Application.UnityExtensions.Initialize                                                                         :        1 samples, Peak.  7.59 ms (1.0x), Avg.  7.59 ms, Total. 7.594 ms (0.0%)
[Performance] CodeEditorProjectSync.SyncEditorProject                                                                        :        1 samples, Peak.   717 ms (1.0x), Avg.   717 ms, Total. 717.3 ms (3.1%)
[Performance] Application.ExecuteStartups                                                                                    :        1 samples, Peak.  70.7 ms (1.0x), Avg.  70.7 ms, Total. 70.73 ms (0.3%)
[Performance] Menu.RegisterMenuInterface                                                                                     :       26 samples, Peak.  1.40 us (9.1x), Avg.   154 ns, Total. 4.000 us (0.0%)
[Performance] Gizmo.RebuildRenderers                                                                                         :        1 samples, Peak.  67.0 ms (1.0x), Avg.  67.0 ms, Total. 67.04 ms (0.3%)
[Performance] Gizmo.AddGizmoRenderers                                                                                        :      170 samples, Peak.  1.04 ms (69.1x), Avg.  15.1 us, Total. 2.567 ms (0.0%)
[Performance] Application.editorInitializingProject                                                                          :        1 samples, Peak.  46.5 ms (1.0x), Avg.  46.5 ms, Total. 46.50 ms (0.2%)
[Performance] Application.InitializeMenu                                                                                     :        1 samples, Peak.   702 ms (1.0x), Avg.   702 ms, Total. 702.4 ms (3.0%)
[Performance] Menu.RebuildAll                                                                                                :        1 samples, Peak.   702 ms (1.0x), Avg.   702 ms, Total. 702.4 ms (3.0%)
[Performance] Menu.BuildRegisteredMenuInterfaces                                                                             :        1 samples, Peak.   700 ms (1.0x), Avg.   700 ms, Total. 699.9 ms (3.0%)
[Performance] Menu.FilterMenuItem                                                                                            :     1255 samples, Peak.  48.9 ms (1173.6x), Avg.  41.7 us, Total. 52.31 ms (0.2%)
[Performance] UpdateAllMenus                                                                                                 :        1 samples, Peak.   466 us (1.0x), Avg.   466 us, Total. 465.7 us (0.0%)
[Performance] Menu.RebuildOSMainMenu                                                                                         :        2 samples, Peak.  3.53 ms (1.3x), Avg.  2.75 ms, Total. 5.493 ms (0.0%)
[Performance] EditorSceneManager.sceneClosing: UnityEditor.SceneVisibilityManager.EditorSceneManagerOnSceneClosing           :        1 samples, Peak.   218 us (1.0x), Avg.   218 us, Total. 218.5 us (0.0%)
[Performance] GUIView.RepaintAll.PlayerLoopController                                                                        :        1 samples, Peak.  1.00 us (1.0x), Avg.  1.00 us, Total. 1.000 us (0.0%)
[Performance] EditorSceneManager.newSceneCreated: UnityEditor.SceneTemplate.SceneTemplateService.OnNewSceneCreated           :        1 samples, Peak.   195 us (1.0x), Avg.   195 us, Total. 194.5 us (0.0%)
[Performance] EditorSceneManager.newSceneCreated: UnityEditor.SceneVisibilityManager.EditorSceneManagerOnNewSceneCreated     :        1 samples, Peak.   190 us (1.0x), Avg.   190 us, Total. 189.8 us (0.0%)
[Performance] EditorSceneManager.newSceneCreated: UnityEditor.SceneManagement.StageNavigationManager.OnNewSceneCreated       :        1 samples, Peak.  45.9 us (1.0x), Avg.  45.9 us, Total. 45.90 us (0.0%)
[Performance] Application.InvokeFinishedLoadingProject                                                                       :        1 samples, Peak.  21.7 ms (1.0x), Avg.  21.7 ms, Total. 21.69 ms (0.1%)
[Performance] ProcessService.OnProjectLoaded                                                                                 :        1 samples, Peak.  40.8 us (1.0x), Avg.  40.8 us, Total. 40.80 us (0.0%)
[Performance] EditorApplication.quitting: Unity.Burst.Editor.BurstLoader.OnEditorApplicationQuitting                         :        1 samples, Peak.  39.3 us (1.0x), Avg.  39.3 us, Total. 39.30 us (0.0%)
[Performance] EditorApplication.quitting: callback in UnityEditor.TextCore.Text.EditorEventCallbacks                         :        1 samples, Peak.  54.0 ms (1.0x), Avg.  54.0 ms, Total. 53.97 ms (0.2%)
[Performance] Killing ADB server                                                                                             :        1 samples, Peak.  44.4 ms (1.0x), Avg.  44.4 ms, Total. 44.39 ms (0.2%)
[Performance] Application.Shutdown.PauseProfilerSession                                                                      :        1 samples, Peak.  38.4 us (1.0x), Avg.  38.4 us, Total. 38.40 us (0.0%)
[Performance] Application.Shutdown.PauseAssetImportWorkers                                                                   :        1 samples, Peak.   367 us (1.0x), Avg.   367 us, Total. 367.4 us (0.0%)
[Performance] Application.Shutdown.SaveAssets                                                                                :        1 samples, Peak.  10.6 ms (1.0x), Avg.  10.6 ms, Total. 10.62 ms (0.0%)
[Performance] StateMacroSavedEvent.OnWillSaveAssets                                                                          :        1 samples, Peak.   219 us (1.0x), Avg.   219 us, Total. 219.0 us (0.0%)
[Performance] FlowMacroSavedEvent.OnWillSaveAssets                                                                           :        1 samples, Peak.   205 us (1.0x), Avg.   205 us, Total. 204.8 us (0.0%)
[Performance] AssetModificationProcessor.OnWillSaveAssets                                                                    :        1 samples, Peak.   473 us (1.0x), Avg.   473 us, Total. 472.6 us (0.0%)
[Performance] UnityCloudProjectLinkMonitor.OnWillSaveAssets                                                                  :        1 samples, Peak.   473 us (1.0x), Avg.   473 us, Total. 473.5 us (0.0%)
[Performance] BuilderAssetModificationProcessor.OnWillSaveAssets                                                             :        1 samples, Peak.   372 us (1.0x), Avg.   372 us, Total. 372.0 us (0.0%)
[Performance] TerrainModificationProcessor.OnWillSaveAssets                                                                  :        1 samples, Peak.   787 us (1.0x), Avg.   787 us, Total. 787.2 us (0.0%)
[Performance] Application.Shutdown.CleanupRenderPipeline                                                                     :        1 samples, Peak.  6.20 us (1.0x), Avg.  6.20 us, Total. 6.200 us (0.0%)
[Performance] Application.Shutdown.StopPreloadManager                                                                        :        1 samples, Peak.  9.54 ms (1.0x), Avg.  9.54 ms, Total. 9.545 ms (0.0%)
[Performance] Application.Shutdown.DestroyWorld                                                                              :        1 samples, Peak.   839 us (1.0x), Avg.   839 us, Total. 838.9 us (0.0%)
[Performance] Application.Shutdown.CleanupAfterLoad                                                                          :        1 samples, Peak.   195 ms (1.0x), Avg.   195 ms, Total. 195.3 ms (0.8%)
[Performance] Application.Shutdown.Progress                                                                                  :        1 samples, Peak.  13.2 us (1.0x), Avg.  13.2 us, Total. 13.20 us (0.0%)
[Performance] Application.Shutdown.GICleanupManagers                                                                         :        1 samples, Peak.   571 us (1.0x), Avg.   571 us, Total. 570.9 us (0.0%)
[Performance] Application.Shutdown.MenuCleanupClass                                                                          :        1 samples, Peak.   399 us (1.0x), Avg.   399 us, Total. 399.2 us (0.0%)
[Performance] Application.Shutdown.ADBSaveStateBeforeShutdown                                                                :        1 samples, Peak.  22.0 us (1.0x), Avg.  22.0 us, Total. 22.00 us (0.0%)
[Performance] Application.Shutdown.RemoteShutdown                                                                            :        1 samples, Peak.   700 ns (1.0x), Avg.   700 ns, Total. 700.0 ns (0.0%)
[Performance] Application.Shutdown.CleanupVCProvider                                                                         :        1 samples, Peak.  11.2 us (1.0x), Avg.  11.2 us, Total. 11.20 us (0.0%)
[Performance] Application.Shutdown.InputShutdown                                                                             :        1 samples, Peak.  2.50 us (1.0x), Avg.  2.50 us, Total. 2.500 us (0.0%)
[Performance] Application.Shutdown.GizmoManagerDestroy                                                                       :        1 samples, Peak.   753 us (1.0x), Avg.   753 us, Total. 753.2 us (0.0%)
[Performance] Application.Shutdown.ProfilerSession                                                                           :        1 samples, Peak.   252 us (1.0x), Avg.   252 us, Total. 251.5 us (0.0%)
[Performance] Application.Shutdown.ReleaseGfxWindowOnAllGUIViews                                                             :        1 samples, Peak.   200 ns (1.0x), Avg.   200 ns, Total. 200.0 ns (0.0%)
[Performance] Application.Shutdown.CleanupEngine                                                                             :        1 samples, Peak.   180 ms (1.0x), Avg.   180 ms, Total. 180.2 ms (0.8%)
[Performance] Application.Shutdown.CleanupAssetDatabase                                                                      :        1 samples, Peak.  11.3 ms (1.0x), Avg.  11.3 ms, Total. 11.33 ms (0.0%)
[Performance] Application.Shutdown.ScriptCompilationCleanUp                                                                  :        1 samples, Peak.  6.66 ms (1.0x), Avg.  6.66 ms, Total. 6.656 ms (0.0%)
[Performance] Application.Shutdown.DestroyJobSystem                                                                          :        1 samples, Peak.  85.6 us (1.0x), Avg.  85.6 us, Total. 85.60 us (0.0%)
[Performance] Application.Shutdown.CleanupPersistentManager                                                                  :        1 samples, Peak.  1.66 ms (1.0x), Avg.  1.66 ms, Total. 1.662 ms (0.0%)
[Performance] Application.Shutdown.CleanupAsyncReadManager                                                                   :        1 samples, Peak.   206 us (1.0x), Avg.   206 us, Total. 206.5 us (0.0%)
[Performance] Application.Shutdown.CleanupProgressBar                                                                        :        1 samples, Peak.   300 ns (1.0x), Avg.   300 ns, Total. 300.0 ns (0.0%)
[Performance] Application.Shutdown.CleanupMono                                                                               :        1 samples, Peak.   923 ms (1.0x), Avg.   923 ms, Total. 923.4 ms (4.0%)
[Performance] Application.Shutdown.CleanupStdConverters                                                                      :        1 samples, Peak.  5.40 us (1.0x), Avg.  5.40 us, Total. 5.400 us (0.0%)
[Performance] Application.Shutdown.UnloadAllPlatformSupportModuleNativeDlls                                                  :        1 samples, Peak.   400 ns (1.0x), Avg.   400 ns, Total. 400.0 ns (0.0%)
[Performance] Application.Shutdown.UnloadAllPlatformSupportNativeLibraries                                                   :        1 samples, Peak.  3.02 s (1.0x), Avg.  3.02 s, Total. 3.024 s (13.0%)
[Performance] Application.Shutdown.CleanupAutoDocumentation                                                                  :        1 samples, Peak.  1.39 ms (1.0x), Avg.  1.39 ms, Total. 1.392 ms (0.0%)
[Performance] Application.Shutdown.ShaderNameManagerDestroy                                                                  :        1 samples, Peak.   160 us (1.0x), Avg.   160 us, Total. 160.2 us (0.0%)
[Performance] Application.Shutdown.CleanupCacheServer                                                                        :        1 samples, Peak.   700 ns (1.0x), Avg.   700 ns, Total. 700.0 ns (0.0%)
[Performance] Application.Shutdown.Virtualization_Shutdown                                                                   :        1 samples, Peak.   700 ns (1.0x), Avg.   700 ns, Total. 700.0 ns (0.0%)
[Performance] Application.Shutdown.DevConnections                                                                            :        1 samples, Peak.   282 us (1.0x), Avg.   282 us, Total. 282.1 us (0.0%)
Exiting batchmode successfully now!
Exiting without the bug reporter. Application will terminate with return code 0