[Licensing::Module] Trying to connect to existing licensing client channel...
[Licensing::IpcConnector] Successfully connected to: "LicenseClient-Farot" at "2026-03-24T13:23:33.6381624Z"
[Licensing::Client] Code 10 while verifying Licensing Client signature (process Id: 6600, path: "C:/Program Files/Unity Hub/UnityLicensingClient_V1/Unity.Licensing.Client.exe")
[Licensing::Module] LicensingClient has failed validation; ignoring
[Licensing::Client] Handshaking with LicensingClient:
  Version:                 1.17.4+4293ba1
  Session Id:              4ba467f84e9348a1acd0796c2ebe2580
  Correlation Id:          ac16f1531aa4a5c9f7e90123acd19b01
  External correlation Id: 690202956432592024
  Machine Id:              p5dKzCAZ6fOOnuRfn3AGFy8kWsA=
[Licensing::Module] Successfully connected to LicensingClient on channel: "LicenseClient-Farot" (connect: 0.00s, validation: 0.01s, handshake: 0.02s)
[Licensing::IpcConnector] Successfully connected to: "LicenseClient-Farot-notifications" at "2026-03-24T13:23:33.6680825Z"
[Licensing::Module] Error: Access token is unavailable; failed to update
[Licensing::Client] Successfully updated license
Built from '2022.3/respin/2022.3.62f2-4af31df585-v2' branch; Version is '2022.3.62f2 (7670c08855a9) revision 7762112'; Using compiler version '192829333'; Build Type 'Release'
OS: 'Windows 10  (10.0.19045) 64bit Professional' Language: 'en' Physical Memory: 32605 MB
[Licensing::Client] Successfully resolved entitlement details
[Licensing::Module] Serial number assigned to: "6872459096280-UnityPersXXXX"
BatchMode: 1, IsHumanControllingUs: 0, StartBugReporterOnCrash: 0, Is64bit: 1, IsPro: 0
[Licensing::Client] Successfully resolved entitlement details

COMMAND LINE ARGUMENTS:
C:\Program Files\Unity\Hub\Editor\2022.3.62f2\Editor\Unity.exe
-batchmode
-quit
-projectPath
D:\Dev\Eugene_D2
-executeMethod
CanonExtractorBatch.ExtractCanon
-logFile
D:\Dev\Eugene_D2\canon_extract.log
Successfully changed project path to: D:\Dev\Eugene_D2
D:/Dev/Eugene_D2
[UnityMemory] Configuration Parameters - Can be set up in boot.config
    "memorysetup-bucket-allocator-granularity=16"
    "memorysetup-bucket-allocator-bucket-count=8"
    "memorysetup-bucket-allocator-block-size=33554432"
    "memorysetup-bucket-allocator-block-count=8"
    "memorysetup-main-allocator-block-size=16777216"
    "memorysetup-thread-allocator-block-size=16777216"
    "memorysetup-gfx-main-allocator-block-size=16777216"
    "memorysetup-gfx-thread-allocator-block-size=16777216"
    "memorysetup-cache-allocator-block-size=4194304"
    "memorysetup-typetree-allocator-block-size=2097152"
    "memorysetup-profiler-bucket-allocator-granularity=16"
    "memorysetup-profiler-bucket-allocator-bucket-count=8"
    "memorysetup-profiler-bucket-allocator-block-size=33554432"
    "memorysetup-profiler-bucket-allocator-block-count=8"
    "memorysetup-profiler-allocator-block-size=16777216"
    "memorysetup-profiler-editor-allocator-block-size=1048576"
    "memorysetup-temp-allocator-size-main=16777216"
    "memorysetup-job-temp-allocator-block-size=2097152"
    "memorysetup-job-temp-allocator-block-size-background=1048576"
    "memorysetup-job-temp-allocator-reduction-small-platforms=262144"
    "memorysetup-allocator-temp-initial-block-size-main=262144"
    "memorysetup-allocator-temp-initial-block-size-worker=262144"
    "memorysetup-temp-allocator-size-background-worker=32768"
    "memorysetup-temp-allocator-size-job-worker=262144"
    "memorysetup-temp-allocator-size-preload-manager=33554432"
    "memorysetup-temp-allocator-size-nav-mesh-worker=65536"
    "memorysetup-temp-allocator-size-audio-worker=65536"
    "memorysetup-temp-allocator-size-cloud-worker=32768"
    "memorysetup-temp-allocator-size-gi-baking-worker=262144"
    "memorysetup-temp-allocator-size-gfx=262144"
Player connection [21580]  Target information:

Player connection [21580]  * "[IP] 192.168.8.227 [Port] 55504 [Flags] 2 [Guid] 2606845178 [EditorId] 2606845178 [Version] 1048832 [Id] WindowsEditor(7,DESKTOP-94PNVKK) [Debug] 1 [PackageName] WindowsEditor [ProjectName] Editor" 

Player connection [21580] Host joined multi-casting on [225.0.0.222:54997]...
Player connection [21580] Host joined alternative multi-casting on [225.0.0.222:34997]...
Input System module state changed to: Initialized.
[PhysX] Initialized MultithreadedTaskDispatcher with 16 workers.
[Package Manager] UpmClient::Connect -- Connected to IPC stream "Upm-18468" after 0.3 seconds.
[Package Manager] Restoring resolved packages state from cache
[Licensing::Client] Successfully resolved entitlement details
[Package Manager] Registered 66 packages:
  Packages from [https://packages.unity.com]:
    com.unity.addressables@1.22.3 (location: D:\Dev\Eugene_D2\Library\PackageCache\com.unity.addressables@1.22.3)
    com.unity.burst@1.8.23 (location: D:\Dev\Eugene_D2\Library\PackageCache\com.unity.burst@1.8.23)
    com.unity.collab-proxy@2.8.2 (location: D:\Dev\Eugene_D2\Library\PackageCache\com.unity.collab-proxy@2.8.2)
    com.unity.device-simulator.devices@1.0.0 (location: D:\Dev\Eugene_D2\Library\PackageCache\com.unity.device-simulator.devices@1.0.0)
    com.unity.ide.rider@3.0.36 (location: D:\Dev\Eugene_D2\Library\PackageCache\com.unity.ide.rider@3.0.36)
    com.unity.ide.visualstudio@2.0.23 (location: D:\Dev\Eugene_D2\Library\PackageCache\com.unity.ide.visualstudio@2.0.23)
    com.unity.ide.vscode@1.2.5 (location: D:\Dev\Eugene_D2\Library\PackageCache\com.unity.ide.vscode@1.2.5)
    com.unity.inputsystem@1.14.0 (location: D:\Dev\Eugene_D2\Library\PackageCache\com.unity.inputsystem@1.14.0)
    com.unity.mobile.android-logcat@1.4.6 (location: D:\Dev\Eugene_D2\Library\PackageCache\com.unity.mobile.android-logcat@1.4.6)
    com.unity.profiling.core@1.0.2 (location: D:\Dev\Eugene_D2\Library\PackageCache\com.unity.profiling.core@1.0.2)
    com.unity.splines@2.8.2 (location: D:\Dev\Eugene_D2\Library\PackageCache\com.unity.splines@2.8.2)
    com.unity.test-framework@1.1.33 (location: D:\Dev\Eugene_D2\Library\PackageCache\com.unity.test-framework@1.1.33)
    com.unity.textmeshpro@3.0.9 (location: D:\Dev\Eugene_D2\Library\PackageCache\com.unity.textmeshpro@3.0.9)
    com.unity.timeline@1.7.7 (location: D:\Dev\Eugene_D2\Library\PackageCache\com.unity.timeline@1.7.7)
    com.unity.toolchain.win-x86_64-linux-x86_64@2.0.11 (location: D:\Dev\Eugene_D2\Library\PackageCache\com.unity.toolchain.win-x86_64-linux-x86_64@2.0.11)
    com.unity.visualscripting@1.9.4 (location: D:\Dev\Eugene_D2\Library\PackageCache\com.unity.visualscripting@1.9.4)
    com.unity.nuget.newtonsoft-json@3.2.1 (location: D:\Dev\Eugene_D2\Library\PackageCache\com.unity.nuget.newtonsoft-json@3.2.1)
    com.unity.sysroot@2.0.10 (location: D:\Dev\Eugene_D2\Library\PackageCache\com.unity.sysroot@2.0.10)
    com.unity.sysroot.linux-x86_64@2.0.9 (location: D:\Dev\Eugene_D2\Library\PackageCache\com.unity.sysroot.linux-x86_64@2.0.9)
    com.unity.ext.nunit@1.0.6 (location: D:\Dev\Eugene_D2\Library\PackageCache\com.unity.ext.nunit@1.0.6)
    com.unity.mathematics@1.2.6 (location: D:\Dev\Eugene_D2\Library\PackageCache\com.unity.mathematics@1.2.6)
    com.unity.settings-manager@2.1.0 (location: D:\Dev\Eugene_D2\Library\PackageCache\com.unity.settings-manager@2.1.0)
    com.unity.scriptablebuildpipeline@1.21.25 (location: D:\Dev\Eugene_D2\Library\PackageCache\com.unity.scriptablebuildpipeline@1.21.25)
    com.unity.localization@1.5.2 (location: D:\Dev\Eugene_D2\Library\PackageCache\com.unity.localization@1.5.2)
    com.unity.searcher@4.9.2 (location: D:\Dev\Eugene_D2\Library\PackageCache\com.unity.searcher@4.9.2)
  Built-in packages:
    com.unity.2d.sprite@1.0.0 (location: D:\Dev\Eugene_D2\Library\PackageCache\com.unity.2d.sprite@1.0.0)
    com.unity.render-pipelines.universal@14.0.12 (location: D:\Dev\Eugene_D2\Library\PackageCache\com.unity.render-pipelines.universal@14.0.12)
    com.unity.ugui@1.0.0 (location: D:\Dev\Eugene_D2\Library\PackageCache\com.unity.ugui@1.0.0)
    com.unity.modules.ai@1.0.0 (location: D:\Dev\Eugene_D2\Library\PackageCache\com.unity.modules.ai@1.0.0)
    com.unity.modules.androidjni@1.0.0 (location: D:\Dev\Eugene_D2\Library\PackageCache\com.unity.modules.androidjni@1.0.0)
    com.unity.modules.animation@1.0.0 (location: D:\Dev\Eugene_D2\Library\PackageCache\com.unity.modules.animation@1.0.0)
    com.unity.modules.assetbundle@1.0.0 (location: D:\Dev\Eugene_D2\Library\PackageCache\com.unity.modules.assetbundle@1.0.0)
    com.unity.modules.audio@1.0.0 (location: D:\Dev\Eugene_D2\Library\PackageCache\com.unity.modules.audio@1.0.0)
    com.unity.modules.director@1.0.0 (location: D:\Dev\Eugene_D2\Library\PackageCache\com.unity.modules.director@1.0.0)
    com.unity.modules.imageconversion@1.0.0 (location: D:\Dev\Eugene_D2\Library\PackageCache\com.unity.modules.imageconversion@1.0.0)
    com.unity.modules.imgui@1.0.0 (location: D:\Dev\Eugene_D2\Library\PackageCache\com.unity.modules.imgui@1.0.0)
    com.unity.modules.jsonserialize@1.0.0 (location: D:\Dev\Eugene_D2\Library\PackageCache\com.unity.modules.jsonserialize@1.0.0)
    com.unity.modules.particlesystem@1.0.0 (location: D:\Dev\Eugene_D2\Library\PackageCache\com.unity.modules.particlesystem@1.0.0)
    com.unity.modules.physics@1.0.0 (location: D:\Dev\Eugene_D2\Library\PackageCache\com.unity.modules.physics@1.0.0)
    com.unity.modules.physics2d@1.0.0 (location: D:\Dev\Eugene_D2\Library\PackageCache\com.unity.modules.physics2d@1.0.0)
    com.unity.modules.screencapture@1.0.0 (location: D:\Dev\Eugene_D2\Library\PackageCache\com.unity.modules.screencapture@1.0.0)
    com.unity.modules.terrain@1.0.0 (location: D:\Dev\Eugene_D2\Library\PackageCache\com.unity.modules.terrain@1.0.0)
    com.unity.modules.terrainphysics@1.0.0 (location: D:\Dev\Eugene_D2\Library\PackageCache\com.unity.modules.terrainphysics@1.0.0)
    com.unity.modules.tilemap@1.0.0 (location: D:\Dev\Eugene_D2\Library\PackageCache\com.unity.modules.tilemap@1.0.0)
    com.unity.modules.ui@1.0.0 (location: D:\Dev\Eugene_D2\Library\PackageCache\com.unity.modules.ui@1.0.0)
    com.unity.modules.uielements@1.0.0 (location: D:\Dev\Eugene_D2\Library\PackageCache\com.unity.modules.uielements@1.0.0)
    com.unity.modules.umbra@1.0.0 (location: D:\Dev\Eugene_D2\Library\PackageCache\com.unity.modules.umbra@1.0.0)
    com.unity.modules.unityanalytics@1.0.0 (location: D:\Dev\Eugene_D2\Library\PackageCache\com.unity.modules.unityanalytics@1.0.0)
    com.unity.modules.unitywebrequest@1.0.0 (location: D:\Dev\Eugene_D2\Library\PackageCache\com.unity.modules.unitywebrequest@1.0.0)
    com.unity.modules.unitywebrequestassetbundle@1.0.0 (location: D:\Dev\Eugene_D2\Library\PackageCache\com.unity.modules.unitywebrequestassetbundle@1.0.0)
    com.unity.modules.unitywebrequestaudio@1.0.0 (location: D:\Dev\Eugene_D2\Library\PackageCache\com.unity.modules.unitywebrequestaudio@1.0.0)
    com.unity.modules.unitywebrequesttexture@1.0.0 (location: D:\Dev\Eugene_D2\Library\PackageCache\com.unity.modules.unitywebrequesttexture@1.0.0)
    com.unity.modules.unitywebrequestwww@1.0.0 (location: D:\Dev\Eugene_D2\Library\PackageCache\com.unity.modules.unitywebrequestwww@1.0.0)
    com.unity.modules.video@1.0.0 (location: D:\Dev\Eugene_D2\Library\PackageCache\com.unity.modules.video@1.0.0)
    com.unity.render-pipelines.core@14.0.12 (location: D:\Dev\Eugene_D2\Library\PackageCache\com.unity.render-pipelines.core@14.0.12)
    com.unity.shadergraph@14.0.12 (location: D:\Dev\Eugene_D2\Library\PackageCache\com.unity.shadergraph@14.0.12)
    com.unity.render-pipelines.universal-config@14.0.10 (location: D:\Dev\Eugene_D2\Library\PackageCache\com.unity.render-pipelines.universal-config@14.0.10)
  Git packages:
    com.codewriter.triinspector@https://github.com/codewriter-packages/Tri-Inspector.git (location: D:\Dev\Eugene_D2\Library\PackageCache\com.codewriter.triinspector@9e4299e070)
    com.coffee.softmask-for-ugui@https://github.com/mob-sakai/SoftMaskForUGUI.git?path=Packages/src (location: D:\Dev\Eugene_D2\Library\PackageCache\com.coffee.softmask-for-ugui@f9868197c0)
    com.coffee.ui-particle@https://github.com/mob-sakai/ParticleEffectForUGUI.git#4.9.0 (location: D:\Dev\Eugene_D2\Library\PackageCache\com.coffee.ui-particle@4dfcb9075e)
    com.cysharp.r3@https://github.com/Cysharp/R3.git?path=src/R3.Unity/Assets/R3.Unity (location: D:\Dev\Eugene_D2\Library\PackageCache\com.cysharp.r3@fbc12b2c0b)
    com.cysharp.unitask@https://github.com/Cysharp/UniTask.git?path=src/UniTask/Assets/Plugins/UniTask (location: D:\Dev\Eugene_D2\Library\PackageCache\com.cysharp.unitask@06067cd4c8)
    com.github-glitchenzo.nugetforunity@https://github.com/GlitchEnzo/NuGetForUnity.git?path=/src/NuGetForUnity (location: D:\Dev\Eugene_D2\Library\PackageCache\com.github-glitchenzo.nugetforunity@f8f1902ebe)
    com.gwiazdorrr.betterstreamingassets@https://github.com/gwiazdorrr/BetterStreamingAssets.git (location: D:\Dev\Eugene_D2\Library\PackageCache\com.gwiazdorrr.betterstreamingassets@2bdc568484)
    jp.hadashikick.vcontainer@https://github.com/hadashiA/VContainer.git?path=VContainer/Assets/VContainer#1.16.8 (location: D:\Dev\Eugene_D2\Library\PackageCache\jp.hadashikick.vcontainer@5e6f5cc14b)
    io.saygames.services@https://gitlab+deploy-token-12:gldt-qfDuc8cx3srNh7X-EigY@gitlab.saygames.io/saykit/sg-services.git?path=/Packages/SayGamesServices#v1.1.53 (location: D:\Dev\Eugene_D2\Library\PackageCache\io.saygames.services@57d75d7802)
[Subsystems] No new subsystems found in resolved package list.
Package Manager log level set to [2]
[Package Manager] Done registering packages in 0.22 seconds
Artifact Garbage Collection - Removed 1 unused hashed content files
[Licensing::Client] Successfully resolved entitlement details
Refreshing native plugins compatible for Editor in 11.22 ms, found 4 plugins.
Preloading 0 native plugins for Editor in 0.00 ms.
Initialize engine version: 2022.3.62f2 (7670c08855a9)
[Subsystems] Discovering subsystems at path C:/Program Files/Unity/Hub/Editor/2022.3.62f2/Editor/Data/Resources/UnitySubsystems
[Subsystems] Discovering subsystems at path D:/Dev/Eugene_D2/Assets
GfxDevice: creating device client; threaded=0; jobified=0
Direct3D:
    Version:  Direct3D 11.0 [level 11.1]
    Renderer: NVIDIA GeForce RTX 4070 (ID=0x2786)
    Vendor:   NVIDIA
    VRAM:     12012 MB
    Driver:   32.0.15.6094
[Licensing::Client] Successfully resolved entitlement details
Initialize mono
Mono path[0] = 'C:/Program Files/Unity/Hub/Editor/2022.3.62f2/Editor/Data/Managed'
Mono path[1] = 'C:/Program Files/Unity/Hub/Editor/2022.3.62f2/Editor/Data/MonoBleedingEdge/lib/mono/unityjit-win32'
Mono config path = 'C:/Program Files/Unity/Hub/Editor/2022.3.62f2/Editor/Data/MonoBleedingEdge/etc'
Using monoOptions --debugger-agent=transport=dt_socket,embedding=1,server=y,suspend=n,address=127.0.0.1:56468
Using cacheserver namespaces - metadata:defaultmetadata, artifacts:defaultartifacts
Using cacheserver namespaces - metadata:defaultmetadata, artifacts:defaultartifacts
ImportWorker Server TCP listen port: 0
Begin MonoManager ReloadAssembly
Registering precompiled unity dll's ...
Register platform support module: C:/Program Files/Unity/Hub/Editor/2022.3.62f2/Editor/Data/PlaybackEngines/AndroidPlayer/UnityEditor.Android.Extensions.dll
[Licensing::Client] Successfully resolved entitlement details
Register platform support module: C:/Program Files/Unity/Hub/Editor/2022.3.62f2/Editor/Data/PlaybackEngines/iOSSupport/UnityEditor.iOS.Extensions.dll
Register platform support module: C:/Program Files/Unity/Hub/Editor/2022.3.62f2/Editor/Data/PlaybackEngines/WindowsStandaloneSupport/UnityEditor.WindowsStandalone.Extensions.dll
Registered in 0.019531 seconds.
- Loaded All Assemblies, in  0.270 seconds
Native extension for WindowsStandalone target not found
[usbmuxd] Start listen thread
[usbmuxd] Listen thread started
Native extension for iOS target not found
Native extension for Android target not found
Android Extension - Scanning For ADB Devices 161 ms
Mono: successfully reloaded assembly
- Finished resetting the current domain, in  0.417 seconds
Domain Reload Profiling: 686ms
	BeginReloadAssembly (72ms)
		ExecutionOrderSort (0ms)
		DisableScriptedObjects (0ms)
		BackupInstance (0ms)
		ReleaseScriptingObjects (0ms)
		CreateAndSetChildDomain (1ms)
	RebuildCommonClasses (22ms)
	RebuildNativeTypeToScriptingClass (7ms)
	initialDomainReloadingComplete (55ms)
	LoadAllAssembliesAndSetupDomain (112ms)
		LoadAssemblies (71ms)
		RebuildTransferFunctionScriptingTraits (0ms)
		AnalyzeDomain (110ms)
			TypeCache.Refresh (109ms)
				TypeCache.ScanAssembly (100ms)
			ScanForSourceGeneratedMonoScriptInfo (0ms)
			ResolveRequiredComponents (0ms)
	FinalizeReload (417ms)
		ReleaseScriptCaches (0ms)
		RebuildScriptCaches (0ms)
		SetupLoadedEditorAssemblies (382ms)
			LogAssemblyErrors (0ms)
			InitializePlatformSupportModulesInManaged (253ms)
			SetLoadedEditorAssemblies (4ms)
			RefreshPlugins (0ms)
			BeforeProcessingInitializeOnLoad (2ms)
			ProcessInitializeOnLoadAttributes (88ms)
			ProcessInitializeOnLoadMethodAttributes (35ms)
			AfterProcessingInitializeOnLoad (0ms)
			EditorAssembliesLoaded (0ms)
		ExecutionOrderSort2 (0ms)
		AwakeInstancesAfterBackupRestoration (0ms)
[Licensing::Client] Successfully resolved entitlement details
[Licensing::Client] Successfully resolved entitlement details
Application.AssetDatabase Initial Refresh Start
[ScriptCompilation] Requested script compilation because: Assetdatabase observed changes in script compilation related files
info: Microsoft.Hosting.Lifetime[14]
      Now listening on: http://localhost:80
info: Microsoft.Hosting.Lifetime[0]
      Application started. Press Ctrl+C to shut down.
info: Microsoft.Hosting.Lifetime[0]
      Hosting environment: Production
info: Microsoft.Hosting.Lifetime[0]
      Content root path: D:\Dev\Eugene_D2\
info: Microsoft.AspNetCore.Hosting.Diagnostics[1]
      Request starting HTTP/2 POST http://ilpp/UnityILPP.PostProcessing/Ping application/grpc -
info: Microsoft.AspNetCore.Routing.EndpointMiddleware[0]
      Executing endpoint 'gRPC - /UnityILPP.PostProcessing/Ping'
info: Microsoft.AspNetCore.Routing.EndpointMiddleware[1]
      Executed endpoint 'gRPC - /UnityILPP.PostProcessing/Ping'
info: Microsoft.AspNetCore.Hosting.Diagnostics[2]
      Request finished HTTP/2 POST http://ilpp/UnityILPP.PostProcessing/Ping application/grpc - - 200 - application/grpc 30.9641ms
Starting: C:\Program Files\Unity\Hub\Editor\2022.3.62f2\Editor\Data\bee_backend.exe --ipc --defer-dag-verification --dagfile="Library/Bee/1300b0aEDbg.dag" --continue-on-failure --profile="Library/Bee/backend1.traceevents" ScriptAssemblies
WorkingDir: D:/Dev/Eugene_D2
info: Microsoft.AspNetCore.Hosting.Diagnostics[1]
      Request starting HTTP/2 POST http://ilpp/UnityILPP.PostProcessing/ConfigurePostProcessors application/grpc -
info: Microsoft.AspNetCore.Routing.EndpointMiddleware[0]
      Executing endpoint 'gRPC - /UnityILPP.PostProcessing/ConfigurePostProcessors'
warn: Unity.ILPP.Runner.PostProcessingAssemblyLoadContext[0]
      Assembly system.runtime.interopservices.windowsruntime has duplicate hint path. Ignoring "C:\Program Files\Unity\Hub\Editor\2022.3.62f2\Editor\Data\UnityReferenceAssemblies\unity-4.8-api\Facades\System.Runtime.InteropServices.WindowsRuntime.dll" in favor of "C:\Program Files\Unity\Hub\Editor\2022.3.62f2\Editor\Data\NetStandard\Extensions\2.0.0\System.Runtime.InteropServices.WindowsRuntime.dll"
warn: Unity.ILPP.Runner.PostProcessingAssemblyLoadContext[0]
      Assembly system.componentmodel.composition has duplicate hint path. Ignoring "C:\Program Files\Unity\Hub\Editor\2022.3.62f2\Editor\Data\UnityReferenceAssemblies\unity-4.8-api\System.ComponentModel.Composition.dll" in favor of "C:\Program Files\Unity\Hub\Editor\2022.3.62f2\Editor\Data\NetStandard\compat\2.1.0\shims\netfx\System.ComponentModel.Composition.dll"
info: Unity.ILPP.Runner.PostProcessingAssemblyLoadContext[0]
      Resolved Unity.Burst.Cecil, Version=0.11.4.0, Culture=neutral, PublicKeyToken=50cebf1cceb9d05e with Library\PackageCache\com.unity.burst@1.8.23\Unity.Burst.CodeGen\Unity.Burst.Cecil.dll
info: Microsoft.AspNetCore.Routing.EndpointMiddleware[1]
      Executed endpoint 'gRPC - /UnityILPP.PostProcessing/ConfigurePostProcessors'
info: Microsoft.AspNetCore.Hosting.Diagnostics[2]
      Request finished HTTP/2 POST http://ilpp/UnityILPP.PostProcessing/ConfigurePostProcessors application/grpc - - 200 - application/grpc 37.0043ms
DisplayProgressbar: Compiling Scripts
info: Microsoft.AspNetCore.Hosting.Diagnostics[1]
      Request starting HTTP/2 POST http://ilpp/UnityILPP.PostProcessing/PostProcessAssembly application/grpc -
info: Microsoft.AspNetCore.Routing.EndpointMiddleware[0]
      Executing endpoint 'gRPC - /UnityILPP.PostProcessing/PostProcessAssembly'
info: Unity.ILPP.Runner.PostProcessingPipeline[0]
      Processing assembly Library/Bee/artifacts/1300b0aEDbg.dag/Assembly-CSharp-Editor.dll, with 126 defines and 336 references
info: Unity.ILPP.Runner.PostProcessingPipeline[0]
      processors: zzzUnity.Burst.CodeGen.BurstILPostProcessor
info: Unity.ILPP.Runner.PostProcessingPipeline[0]
      running zzzUnity.Burst.CodeGen.BurstILPostProcessor
info: Unity.ILPP.Runner.PostProcessingAssemblyLoadContext[0]
      Resolved Unity.Burst.Cecil.Rocks, Version=0.11.4.0, Culture=neutral, PublicKeyToken=50cebf1cceb9d05e with Library\PackageCache\com.unity.burst@1.8.23\Unity.Burst.CodeGen\Unity.Burst.Cecil.Rocks.dll
info: Microsoft.AspNetCore.Routing.EndpointMiddleware[1]
      Executed endpoint 'gRPC - /UnityILPP.PostProcessing/PostProcessAssembly'
info: Microsoft.AspNetCore.Hosting.Diagnostics[2]
      Request finished HTTP/2 POST http://ilpp/UnityILPP.PostProcessing/PostProcessAssembly application/grpc - - 200 - application/grpc 127.3433ms
ExitCode: 0 Duration: 0s565ms
[ 919/1224  0s] ILPP-Configuration Library/ilpp-configuration.nevergeneratedoutput
[1220/1224  0s] Csc Library/Bee/artifacts/1300b0aEDbg.dag/Assembly-CSharp-Editor.dll (+2 others)
[1221/1224  0s] ILPostProcess Library/Bee/artifacts/1300b0aEDbg.dag/post-processed/Assembly-CSharp-Editor.dll (+pdb)
Processing assembly Library/Bee/artifacts/1300b0aEDbg.dag/Assembly-CSharp-Editor.dll, with 126 defines and 336 references

processors: zzzUnity.Burst.CodeGen.BurstILPostProcessor

running zzzUnity.Burst.CodeGen.BurstILPostProcessor
[1222/1224  0s] CopyFiles Library/ScriptAssemblies/Assembly-CSharp-Editor.dll
[1223/1224  0s] CopyFiles Library/ScriptAssemblies/Assembly-CSharp-Editor.pdb
*** Tundra build success (0.55 seconds), 5 items updated, 1224 evaluated
AssetDatabase: script compilation time: 0.977214s
Total cache size 267471600
Total cache size after purge 267471600
Begin MonoManager ReloadAssembly
Symbol file LoadedFromMemory is not a mono symbol file
- Loaded All Assemblies, in  0.746 seconds
Refreshing native plugins compatible for Editor in 4.17 ms, found 4 plugins.
Preloading 0 native plugins for Editor in 0.00 ms.
Start importing Assets/Editor/CanonExtractorBatch.cs using Guid(72d1c483b6557be499aec1a931f97558) Importer(-1,00000000000000000000000000000000) [PhysX] Initialized MultithreadedTaskDispatcher with 16 workers.
 -> (artifact id: 'ecedca08cf18235745ea2421ff129dcc') in 0.081794 seconds
Refreshing native plugins compatible for Editor in 4.07 ms, found 4 plugins.
Native extension for WindowsStandalone target not found
Native extension for iOS target not found
Native extension for Android target not found
Mono: successfully reloaded assembly
- Finished resetting the current domain, in  4.991 seconds
Domain Reload Profiling: 5735ms
	BeginReloadAssembly (114ms)
		ExecutionOrderSort (0ms)
		DisableScriptedObjects (4ms)
		BackupInstance (0ms)
		ReleaseScriptingObjects (0ms)
		CreateAndSetChildDomain (19ms)
	RebuildCommonClasses (28ms)
	RebuildNativeTypeToScriptingClass (8ms)
	initialDomainReloadingComplete (26ms)
	LoadAllAssembliesAndSetupDomain (568ms)
		LoadAssemblies (356ms)
		RebuildTransferFunctionScriptingTraits (0ms)
		AnalyzeDomain (274ms)
			TypeCache.Refresh (227ms)
				TypeCache.ScanAssembly (209ms)
			ScanForSourceGeneratedMonoScriptInfo (31ms)
			ResolveRequiredComponents (14ms)
	FinalizeReload (4991ms)
		ReleaseScriptCaches (0ms)
		RebuildScriptCaches (0ms)
		SetupLoadedEditorAssemblies (4808ms)
			LogAssemblyErrors (0ms)
			InitializePlatformSupportModulesInManaged (21ms)
			SetLoadedEditorAssemblies (7ms)
			RefreshPlugins (0ms)
			BeforeProcessingInitializeOnLoad (157ms)
			ProcessInitializeOnLoadAttributes (4531ms)
			ProcessInitializeOnLoadMethodAttributes (86ms)
			AfterProcessingInitializeOnLoad (6ms)
			EditorAssembliesLoaded (0ms)
		ExecutionOrderSort2 (0ms)
		AwakeInstancesAfterBackupRestoration (6ms)
Refreshing native plugins compatible for Editor in 4.43 ms, found 4 plugins.
Preloading 0 native plugins for Editor in 0.00 ms.
Asset Pipeline Refresh (id=192a352deef0e1746b72e9bc056157e1): Total: 8.890 seconds - Initiated by InitialRefreshV2(ForceSynchronousImport)
	Summary:
		Imports: total=373 (actual=1, local cache=372, cache server=0)
		Asset DB Process Time: managed=77 ms, native=1710 ms
		Asset DB Callback time: managed=97 ms, native=7 ms
		Scripting: domain reloads=1, domain reload time=5893 ms, compile time=978 ms, other=125 ms
		Project Asset Count: scripts=11346, non-scripts=7591
		Asset File Changes: new=0, changed=1, moved=0, deleted=0
		Scan Filter Count: 0
	InvokeBeforeRefreshCallbacks: 0.417ms
	ApplyChangesToAssetFolders: 0.118ms
	Scan: 156.707ms
	OnSourceAssetsModified: 1.463ms
	GetAllGuidsForCategorization: 2.292ms
	CategorizeAssets: 279.953ms
	ImportOutOfDateAssets: 5139.746ms (4034.258ms without children)
		ImportManagerImport: 85.616ms (3.064ms without children)
			ImportInProcess: 82.531ms
			UpdateCategorizedAssets: 0.022ms
		CompileScripts: 978.453ms
		ReloadNativeAssets: 0.115ms
		UnloadImportedAssets: 31.175ms
		ReloadImportedAssets: 0.467ms
		EnsureUptoDateAssetsAreRegisteredWithGuidPM: 5.344ms
		InitializingProgressBar: 0.006ms
		PostProcessAllAssetNotificationsAddChangedAssets: 0.005ms
		OnDemandSchedulerStart: 4.308ms
	PostProcessAllAssets: 119.144ms
	Hotreload: 4.819ms
	GatherAllCurrentPrimaryArtifactRevisions: 0.632ms
	UnloadStreamsBegin: 2.119ms
	PersistCurrentRevisions: 1.349ms
	UnloadStreamsEnd: 0.221ms
	GenerateScriptTypeHashes: 9.191ms
	Untracked: 3180.700ms
Application.AssetDatabase Initial Refresh End
Launched and connected shader compiler UnityShaderCompiler.exe after 0.03 seconds
Scanning for USB devices : 3.318ms
Initializing Unity extensions:
[Licensing::Client] Successfully resolved entitlement details
[MODES] ModeService[none].Initialize
[MODES] ModeService[none].LoadModes
[MODES] Loading mode Default (0) for mode-current-id-Jelly Hole: Roll & Eat Pals
[PhysX] Initialized MultithreadedTaskDispatcher with 16 workers.
ProgressiveSceneManager::Cancel()
Unloading 21 Unused Serialized files (Serialized files now loaded: 0)
Unloading 148 unused Assets / (1.9 MB). Loaded Objects now: 9658.
Memory consumption went from 219.4 MB to 217.4 MB.
Total: 5.863800 ms (FindLiveObjects: 0.375700 ms CreateObjectMapping: 0.283900 ms MarkObjects: 4.434100 ms  DeleteObjects: 0.769500 ms)

Start importing Assets/_Project/_personal/Canon.prefab using Guid(4a1721d1bbbaf554fb5b4d62e1cc31c6) Importer(-1,00000000000000000000000000000000) [PhysX] Initialized MultithreadedTaskDispatcher with 16 workers.
[PhysX] Initialized MultithreadedTaskDispatcher with 16 workers.
 -> (artifact id: 'd412557c6d93b1f39c0fafb4572205c2') in 0.005615 seconds
Refreshing native plugins compatible for Editor in 4.55 ms, found 4 plugins.
Preloading 0 native plugins for Editor in 0.00 ms.
Asset Pipeline Refresh (id=12e2c7eeaa298d449bcdc9196e4e4354): Total: 0.104 seconds - Initiated by StopAssetImportingV2(NoUpdateAssetOptions)
[CanonExtractorBatch] Extracted Canon to Assets/_Project/_personal/Canon.prefab
UnityEngine.StackTraceUtility:ExtractStackTrace ()
UnityEngine.DebugLogHandler:LogFormat (UnityEngine.LogType,UnityEngine.Object,string,object[])
UnityEngine.Logger:Log (UnityEngine.LogType,object)
UnityEngine.Debug:Log (object)
CanonExtractorBatch:ExtractCanon () (at Assets/Editor/CanonExtractorBatch.cs:41)

(Filename: Assets/Editor/CanonExtractorBatch.cs Line: 41)

Asset Pipeline Refresh (id=5caa2e9ede0550e4db6afe81686c6a0b): Total: 0.006 seconds - Initiated by RefreshV2(NoUpdateAssetOptions)
Batchmode quit successfully invoked - shutting down!
Curl error 42: Callback aborted
Killing ADB server in 0.0230132 seconds.
[PhysX] Initialized MultithreadedTaskDispatcher with 16 workers.
Input System module state changed to: ShutdownInProgress.
Input System polling thread exited.
Input System module state changed to: Shutdown.
[Licensing::IpcConnector] LicenseClient-Farot-notifications channel disconnected successfully.
[Licensing::IpcConnector] LicenseClient-Farot channel disconnected successfully.
Cleanup mono
abort_threads: Failed aborting id: 00000000000059D4, mono_thread_manage will ignore it

abort_threads: Failed aborting id: 0000000000002210, mono_thread_manage will ignore it

abort_threads: Failed aborting id: 0000000000005ADC, mono_thread_manage will ignore it

abort_threads: Failed aborting id: 00000000000059D4, mono_thread_manage will ignore it

abort_threads: Failed aborting id: 0000000000002210, mono_thread_manage will ignore it

abort_threads: Failed aborting id: 0000000000005ADC, mono_thread_manage will ignore it

debugger-agent: Unable to listen on 6696
[usbmuxd] Stop listen thread
[usbmuxd] Listen thread exiting
[Performance] WinEditorMain                                                                                                  :        1 samples, Peak.   660 ms (1.0x), Avg.   660 ms, Total. 659.8 ms (4.7%)
[Performance] WinEditorMain.ConfigureCrashHandler                                                                            :        1 samples, Peak.  16.0 us (1.0x), Avg.  16.0 us, Total. 16.00 us (0.0%)
[Performance] WinEditorMain.CurlRequestInitialize                                                                            :        1 samples, Peak.   297 us (1.0x), Avg.   297 us, Total. 296.8 us (0.0%)
[Performance] WinEditorMain.SetupLogFile                                                                                     :        1 samples, Peak.   129 us (1.0x), Avg.   129 us, Total. 129.5 us (0.0%)
[Performance] WinEditorMain.RunNativeTestsIfRequiredAndExit                                                                  :        1 samples, Peak. 100.0 ns (1.0x), Avg. 100.0 ns, Total. 100.00 ns (0.0%)
[Performance] WinEditorMain.Licensing                                                                                        :        1 samples, Peak.   646 ms (1.0x), Avg.   646 ms, Total. 646.0 ms (4.6%)
[Performance] WinEditorMain.InitializeCrashHandler                                                                           :        1 samples, Peak.  11.3 ms (1.0x), Avg.  11.3 ms, Total. 11.34 ms (0.1%)
[Performance] WinEditorMain.CreateApplication                                                                                :        1 samples, Peak.   268 us (1.0x), Avg.   268 us, Total. 267.7 us (0.0%)
[Performance] Application.InitializeProject                                                                                  :        1 samples, Peak.  11.4 s (1.0x), Avg.  11.4 s, Total. 11.42 s (81.3%)
[Performance] Application.PackageManager.StartServer                                                                         :        1 samples, Peak.   922 us (1.0x), Avg.   922 us, Total. 921.6 us (0.0%)
[Performance] Application.AcquireProjectLock                                                                                 :        1 samples, Peak.  6.69 ms (1.0x), Avg.  6.69 ms, Total. 6.686 ms (0.0%)
[Performance] Application.InitializeEngineNoGraphics                                                                         :        1 samples, Peak.  49.0 ms (1.0x), Avg.  49.0 ms, Total. 49.02 ms (0.3%)
[Performance] Application.PackageManager.Initialize                                                                          :        1 samples, Peak.   260 ms (1.0x), Avg.   260 ms, Total. 260.1 ms (1.9%)
[Performance] Connecting to Package Manager                                                                                  :       27 samples, Peak.  39.2 us (17.9x), Avg.  2.19 us, Total. 59.20 us (0.0%)
[Performance] Application.EngineGraphics.Initialize                                                                          :        1 samples, Peak.   196 ms (1.0x), Avg.   196 ms, Total. 195.6 ms (1.4%)
[Performance] Application.GI.Initialize                                                                                      :        1 samples, Peak.  2.55 ms (1.0x), Avg.  2.55 ms, Total. 2.549 ms (0.0%)
[Performance] Application.LoadAllDefaultResourcesFromEditor                                                                  :        1 samples, Peak.  1.58 ms (1.0x), Avg.  1.58 ms, Total. 1.580 ms (0.0%)
[Performance] Application.LoadMonoAssemblies                                                                                 :        1 samples, Peak.   699 ms (1.0x), Avg.   699 ms, Total. 699.3 ms (5.0%)
[Performance] RestoreManagedReferences                                                                                       :        2 samples, Peak.  55.2 ms (2.0x), Avg.  27.6 ms, Total. 55.25 ms (0.4%)
[Performance] InitializeOnLoad DrivenRectTransformUndo                                                                       :        2 samples, Peak.   456 us (1.1x), Avg.   401 us, Total. 803.0 us (0.0%)
[Performance] InitializeOnLoad SceneSearch                                                                                   :        2 samples, Peak.   117 us (1.1x), Avg.   105 us, Total. 209.4 us (0.0%)
[Performance] InitializeOnLoad CloudBuild                                                                                    :        2 samples, Peak.  4.20 us (1.1x), Avg.  3.75 us, Total. 7.500 us (0.0%)
[Performance] InitializeOnLoad NativeFormatImporterUtility                                                                   :        2 samples, Peak.  2.05 ms (1.1x), Avg.  1.88 ms, Total. 3.767 ms (0.0%)
[Performance] InitializeOnLoad SearchService                                                                                 :        2 samples, Peak.   100 us (1.0x), Avg.  96.9 us, Total. 193.8 us (0.0%)
[Performance] InitializeOnLoad SettingsService                                                                               :        2 samples, Peak.  8.50 us (1.2x), Avg.  7.10 us, Total. 14.20 us (0.0%)
[Performance] InitializeOnLoad WindowLayout                                                                                  :        2 samples, Peak.   213 us (1.0x), Avg.   211 us, Total. 421.6 us (0.0%)
[Performance] InitializeOnLoad AssetStoreContext                                                                             :        2 samples, Peak.  15.5 ms (1.7x), Avg.  9.27 ms, Total. 18.54 ms (0.1%)
[Performance] InitializeOnLoad PoolManager                                                                                   :        2 samples, Peak.   482 us (1.0x), Avg.   473 us, Total. 945.9 us (0.0%)
[Performance] InitializeOnLoad MixerEffectDefinitionReloader                                                                 :        2 samples, Peak.  1.85 ms (1.2x), Avg.  1.50 ms, Total. 3.004 ms (0.0%)
[Performance] InitializeOnLoad ProjectSearch                                                                                 :        2 samples, Peak.  56.4 us (1.2x), Avg.  47.9 us, Total. 95.80 us (0.0%)
[Performance] InitializeOnLoad UISystemProfilerRenderService                                                                 :        2 samples, Peak.  6.50 us (1.1x), Avg.  5.90 us, Total. 11.80 us (0.0%)
[Performance] InitializeOnLoad EditMode                                                                                      :        2 samples, Peak.   317 us (1.1x), Avg.   290 us, Total. 580.0 us (0.0%)
[Performance] InitializeOnLoad UnityConnect                                                                                  :        2 samples, Peak.  45.5 us (1.0x), Avg.  44.5 us, Total. 89.10 us (0.0%)
[Performance] InitializeOnLoad ManagedDebugger                                                                               :        2 samples, Peak.   458 us (1.7x), Avg.   275 us, Total. 550.5 us (0.0%)
[Performance] InitializeOnLoad ShortcutIntegration                                                                           :        2 samples, Peak.  47.7 us (1.1x), Avg.  43.8 us, Total. 87.50 us (0.0%)
[Performance] InitializeOnLoad AddComponentWindow                                                                            :        2 samples, Peak.  81.0 us (1.0x), Avg.  80.8 us, Total. 161.6 us (0.0%)
[Performance] InitializeOnLoad ManagedDebuggerWindow                                                                         :        2 samples, Peak.   104 us (1.0x), Avg.  99.0 us, Total. 197.9 us (0.0%)
[Performance] InitializeOnLoad CacheServerWindow                                                                             :        2 samples, Peak.  8.40 us (1.2x), Avg.  6.95 us, Total. 13.90 us (0.0%)
[Performance] InitializeOnLoad PlayModeDownload                                                                              :        2 samples, Peak.  3.63 ms (1.9x), Avg.  1.87 ms, Total. 3.741 ms (0.0%)
[Performance] InitializeOnLoad MenuItems                                                                                     :        2 samples, Peak.  73.2 us (1.1x), Avg.  65.3 us, Total. 130.5 us (0.0%)
[Performance] InitializeOnLoad PrefabInstanceChangedListener                                                                 :        2 samples, Peak.   109 us (1.0x), Avg.   105 us, Total. 210.6 us (0.0%)
[Performance] InitializeOnLoad ObjectSelectorSearch                                                                          :        2 samples, Peak.  67.5 us (1.3x), Avg.  50.8 us, Total. 101.7 us (0.0%)
[Performance] InitializeOnLoad EditorMonitor                                                                                 :        2 samples, Peak.   474 us (1.1x), Avg.   417 us, Total. 833.3 us (0.0%)
[Performance] InitializeOnLoad RetainedMode                                                                                  :        2 samples, Peak.  1.89 ms (1.1x), Avg.  1.79 ms, Total. 3.576 ms (0.0%)
[Performance] InitializeOnLoad EditorShaderLoader                                                                            :        2 samples, Peak.   527 us (1.1x), Avg.   468 us, Total. 935.4 us (0.0%)
[Performance] InitializeOnLoad EditorDelegateRegistration                                                                    :        2 samples, Peak.   402 us (1.1x), Avg.   359 us, Total. 717.2 us (0.0%)
[Performance] InitializeOnLoad UIDocumentHierarchyWatcher                                                                    :        2 samples, Peak.  61.1 us (1.0x), Avg.  58.2 us, Total. 116.4 us (0.0%)
[Performance] InitializeOnLoad LiveReloadTrackerCreator                                                                      :        2 samples, Peak.   137 us (1.1x), Avg.   122 us, Total. 243.8 us (0.0%)
[Performance] InitializeOnLoad UxmlObjectEditorFactories                                                                     :        2 samples, Peak.   369 us (1.1x), Avg.   342 us, Total. 684.3 us (0.0%)
[Performance] InitializeOnLoad UXMLEditorFactories                                                                           :        2 samples, Peak.  46.7 ms (1.0x), Avg.  44.9 ms, Total. 89.74 ms (0.6%)
[Performance] InitializeOnLoad PurchasingService                                                                             :        2 samples, Peak.  5.13 ms (1.6x), Avg.  3.12 ms, Total. 6.243 ms (0.0%)
[Performance] InitializeOnLoad CloudBuildPoller                                                                              :        2 samples, Peak.   110 us (1.1x), Avg.   102 us, Total. 203.9 us (0.0%)
[Performance] InitializeOnLoad EditorGameServicesAnalytics                                                                   :        2 samples, Peak.  1.24 ms (1.6x), Avg.   795 us, Total. 1.590 ms (0.0%)
[Performance] InitializeOnLoad AnalyticsService                                                                              :        2 samples, Peak.   150 us (1.1x), Avg.   140 us, Total. 279.0 us (0.0%)
[Performance] InitializeOnLoad BuildService                                                                                  :        2 samples, Peak.   122 us (1.0x), Avg.   120 us, Total. 239.3 us (0.0%)
[Performance] InitializeOnLoad AdsService                                                                                    :        2 samples, Peak.   308 us (1.0x), Avg.   301 us, Total. 602.8 us (0.0%)
[Performance] InitializeOnLoad UDPService                                                                                    :        2 samples, Peak.   173 us (1.2x), Avg.   143 us, Total. 286.4 us (0.0%)
[Performance] InitializeOnLoad CrashService                                                                                  :        2 samples, Peak.   121 us (1.0x), Avg.   116 us, Total. 232.9 us (0.0%)
[Performance] InitializeOnLoad ServicesRepository                                                                            :        2 samples, Peak.   700 ns (1.1x), Avg.   650 ns, Total. 1.300 us (0.0%)
[Performance] InitializeOnLoad SearchWindow                                                                                  :        2 samples, Peak.   141 us (1.2x), Avg.   119 us, Total. 237.2 us (0.0%)
[Performance] InitializeOnLoad CustomIndexers                                                                                :        2 samples, Peak.  15.1 ms (1.1x), Avg.  13.2 ms, Total. 26.48 ms (0.2%)
[Performance] InitializeOnLoad SearchMonitor                                                                                 :        2 samples, Peak.   840 us (1.2x), Avg.   706 us, Total. 1.412 ms (0.0%)
[Performance] InitializeOnLoad ParameterControllerEditor                                                                     :        2 samples, Peak.  17.8 us (1.1x), Avg.  15.6 us, Total. 31.20 us (0.0%)
[Performance] InitializeOnLoad LayerSettingsWindow                                                                           :        2 samples, Peak.  22.6 us (1.7x), Avg.  13.0 us, Total. 26.00 us (0.0%)
[Performance] InitializeOnLoad PackageManagerHookGUIDConverter.RegisterPackagesEventHandler                                  :        2 samples, Peak.   678 us (1.6x), Avg.   421 us, Total. 841.2 us (0.0%)
[Performance] InitializeOnLoad EditorDragAndDrop.RegisterEditorClient                                                        :        2 samples, Peak.   372 us (1.4x), Avg.   273 us, Total. 546.1 us (0.0%)
[Performance] InitializeOnLoad EditorEventCallbacks.InitializeFontAssetResourceChangeCallBacks                               :        2 samples, Peak.  1.16 ms (1.2x), Avg.   974 us, Total. 1.949 ms (0.0%)
[Performance] InitializeOnLoad SceneTemplateService.Init                                                                     :        2 samples, Peak.  1.59 ms (1.3x), Avg.  1.24 ms, Total. 2.478 ms (0.0%)
[Performance] InitializeOnLoad DiagnosticSwitchesConsoleMessage.Init                                                         :        2 samples, Peak.  5.56 ms (1.8x), Avg.  3.09 ms, Total. 6.180 ms (0.0%)
[Performance] InitializeOnLoad PackageManagerWindow.EditorInitializedInSafeMode                                              :        2 samples, Peak.  20.4 ms (2.0x), Avg.  10.3 ms, Total. 20.58 ms (0.1%)
[Performance] InitializeOnLoad ToolShortcutContext.Init                                                                      :        2 samples, Peak.   172 us (1.2x), Avg.   143 us, Total. 285.0 us (0.0%)
[Performance] InitializeOnLoad MemoryProfilerCompilationGuard.InjectCompileGuard                                             :        2 samples, Peak.   127 us (1.1x), Avg.   121 us, Total. 241.2 us (0.0%)
[Performance] InitializeOnLoad AssetPostprocessingInternal.RefreshCustomDependencies                                         :        2 samples, Peak.  2.48 ms (1.3x), Avg.  1.96 ms, Total. 3.918 ms (0.0%)
[Performance] InitializeOnLoad SysrootManager.Initialize                                                                     :        2 samples, Peak.   343 us (1.1x), Avg.   323 us, Total. 646.0 us (0.0%)
[Performance] InitializeOnLoad ScopedRegistryAddedPopup.SubscribeToRegistriesAdded                                           :        2 samples, Peak.  5.91 ms (2.0x), Avg.  3.00 ms, Total. 6.000 ms (0.0%)
[Performance] InitializeOnLoad SceneVisibilityManager.Initialize                                                             :        2 samples, Peak.  2.64 ms (1.6x), Avg.  1.66 ms, Total. 3.314 ms (0.0%)
[Performance] InitializeOnLoad EditorWindow.Initialize                                                                       :        2 samples, Peak.   250 us (1.1x), Avg.   234 us, Total. 467.8 us (0.0%)
[Performance] AssemblyReloadEvents.afterAssemblyReload: UnityEditor.SceneTemplate.SceneTemplateService.AfterAssemblyReload   :        2 samples, Peak.  2.18 ms (1.8x), Avg.  1.21 ms, Total. 2.416 ms (0.0%)
[Performance] ProcessService.EditorAfterLoadAllAssemblies                                                                    :        2 samples, Peak.   345 us (1.2x), Avg.   281 us, Total. 562.4 us (0.0%)
[Performance] Application.ReadLicenseInfo                                                                                    :        1 samples, Peak.  23.7 ms (1.0x), Avg.  23.7 ms, Total. 23.67 ms (0.2%)
[Performance] Application.InitialRefresh                                                                                     :        1 samples, Peak.  8.89 s (1.0x), Avg.  8.89 s, Total. 8.894 s (63.3%)
[Performance] ShaderImporter.SourceAssetModified                                                                             :        3 samples, Peak.  1.10 us (1.6x), Avg.   667 ns, Total. 2.000 us (0.0%)
[Performance] ShaderIncludeImporter.SourceAssetModified                                                                      :        3 samples, Peak.   500 ns (1.0x), Avg.   500 ns, Total. 1.500 us (0.0%)
[Performance] Compiling Scripts                                                                                              :        1 samples, Peak.   977 ms (1.0x), Avg.   977 ms, Total. 977.3 ms (7.0%)
[Performance] AssemblyReloadEvents.beforeAssemblyReload: UnityEditor.SceneTemplate.SceneTemplateService.BeforeAssemblyReload :        1 samples, Peak.   358 us (1.0x), Avg.   358 us, Total. 357.7 us (0.0%)
[Performance] PresetManagerPostProcessor.OnPreprocessAsset                                                                   :        2 samples, Peak.  1.36 ms (1.6x), Avg.   869 us, Total. 1.738 ms (0.0%)
[Performance] NugetAssetPostprocessor.OnPreprocessAsset                                                                      :        2 samples, Peak.  73.4 ms (2.0x), Avg.  36.8 ms, Total. 73.61 ms (0.5%)
[Performance] CancelSplashScreenOnAssetChange.OnPreprocessAsset                                                              :        2 samples, Peak.   124 us (1.9x), Avg.  65.3 us, Total. 130.6 us (0.0%)
[Performance] ShaderGraphAssetPostProcessor.OnPreprocessAsset                                                                :        2 samples, Peak.   167 us (1.9x), Avg.  88.3 us, Total. 176.6 us (0.0%)
[Performance] InitializeOnLoad RegisterCheckSceneDupeDependencies                                                            :        1 samples, Peak.   912 us (1.0x), Avg.   912 us, Total. 912.2 us (0.0%)
[Performance] InitializeOnLoad GlobalInitialization                                                                          :        1 samples, Peak.   309 us (1.0x), Avg.   309 us, Total. 308.8 us (0.0%)
[Performance] InitializeOnLoad AddressableEditorInitialization                                                               :        1 samples, Peak.   133 ms (1.0x), Avg.   133 ms, Total. 133.2 ms (0.9%)
[Performance] InitializeOnLoad RegisterCheckResourcesDupeDependencies                                                        :        1 samples, Peak.   132 us (1.0x), Avg.   132 us, Total. 132.0 us (0.0%)
[Performance] InitializeOnLoad RegisterBuildBundleLayout                                                                     :        1 samples, Peak.  81.6 us (1.0x), Avg.  81.6 us, Total. 81.60 us (0.0%)
[Performance] InitializeOnLoad GroupsPopupWindow                                                                             :        1 samples, Peak.  4.80 us (1.0x), Avg.  4.80 us, Total. 4.800 us (0.0%)
[Performance] InitializeOnLoad RegisterCheckBundleDupeDependencies                                                           :        1 samples, Peak.   124 us (1.0x), Avg.   124 us, Total. 123.6 us (0.0%)
[Performance] InitializeOnLoad AddressableAssetInspectorGUI                                                                  :        1 samples, Peak.  18.3 ms (1.0x), Avg.  18.3 ms, Total. 18.27 ms (0.1%)
[Performance] EditorResources.Load                                                                                           :        9 samples, Peak.  14.7 ms (8.9x), Avg.  1.66 ms, Total. 14.91 ms (0.1%)
[Performance] InitializeOnLoad InputSystem                                                                                   :        1 samples, Peak.  39.3 ms (1.0x), Avg.  39.3 ms, Total. 39.29 ms (0.3%)
[Performance] InitializeOnLoad EnableUITKEditor                                                                              :        1 samples, Peak.  29.2 us (1.0x), Avg.  29.2 us, Total. 29.20 us (0.0%)
[Performance] InitializeOnLoad TouchSimulation                                                                               :        1 samples, Peak.   138 us (1.0x), Avg.   138 us, Total. 138.0 us (0.0%)
[Performance] InitializeOnLoad InputSystemUIInputModuleEditor                                                                :        1 samples, Peak.  93.8 us (1.0x), Avg.  93.8 us, Total. 93.80 us (0.0%)
[Performance] InitializeOnLoad BurstLoader                                                                                   :        1 samples, Peak.  3.94 s (1.0x), Avg.  3.94 s, Total. 3.944 s (28.1%)
[Performance] InitializeOnLoad ShadowCasterGroup2DManager                                                                    :        1 samples, Peak.   411 us (1.0x), Avg.   411 us, Total. 410.6 us (0.0%)
[Performance] InitializeOnLoad UnityProviderInitializer                                                                      :        1 samples, Peak.  1.25 ms (1.0x), Avg.  1.25 ms, Total. 1.252 ms (0.0%)
[Performance] InitializeOnLoad RegisterSceneToAssetNoUnityBuildInAnalyzeRule                                                 :        1 samples, Peak.   260 us (1.0x), Avg.   260 us, Total. 259.8 us (0.0%)
[Performance] InitializeOnLoad SceneSwitchLeftButton                                                                         :        1 samples, Peak.   542 us (1.0x), Avg.   542 us, Total. 542.3 us (0.0%)
[Performance] InitializeOnLoad ToolbarExtender                                                                               :        1 samples, Peak.  1.20 us (1.0x), Avg.  1.20 us, Total. 1.200 us (0.0%)
[Performance] InitializeOnLoad UltimateJoystickReadmeEditor                                                                  :        1 samples, Peak.   107 ms (1.0x), Avg.   107 ms, Total. 106.8 ms (0.8%)
[Performance] InitializeOnLoad PrefColorBridge                                                                               :        1 samples, Peak.   646 us (1.0x), Avg.   646 us, Total. 646.1 us (0.0%)
[Performance] InitializeOnLoad DrivenPropertyDrawer                                                                          :        1 samples, Peak.   241 us (1.0x), Avg.   241 us, Total. 241.5 us (0.0%)
[Performance] InitializeOnLoad LocaleAnalyzeRule                                                                             :        1 samples, Peak.   137 us (1.0x), Avg.   137 us, Total. 137.3 us (0.0%)
[Performance] InitializeOnLoad LocalizeComponent                                                                             :        1 samples, Peak.  1.83 ms (1.0x), Avg.  1.83 ms, Total. 1.831 ms (0.0%)
[Performance] InitializeOnLoad StringTableAnalyzeRule                                                                        :        1 samples, Peak.   128 us (1.0x), Avg.   128 us, Total. 127.8 us (0.0%)
[Performance] InitializeOnLoad LocalizeComponent_UGUI                                                                        :        1 samples, Peak.   272 us (1.0x), Avg.   272 us, Total. 271.8 us (0.0%)
[Performance] InitializeOnLoad LocalizeComponent_TMPro                                                                       :        1 samples, Peak.  62.9 us (1.0x), Avg.  62.9 us, Total. 62.90 us (0.0%)
[Performance] InitializeOnLoad AssetTableAnalyzeRule                                                                         :        1 samples, Peak.   127 us (1.0x), Avg.   127 us, Total. 127.3 us (0.0%)
[Performance] InitializeOnLoad ContextualPropertyMenu                                                                        :        1 samples, Peak.   150 us (1.0x), Avg.   150 us, Total. 149.7 us (0.0%)
[Performance] InitializeOnLoad ScenePropertyTracker                                                                          :        1 samples, Peak.   100 us (1.0x), Avg.   100 us, Total. 100.1 us (0.0%)
[Performance] InitializeOnLoad GameViewLanguageMenu                                                                          :        1 samples, Peak.   413 us (1.0x), Avg.   413 us, Total. 412.8 us (0.0%)
[Performance] InitializeOnLoad BackgroundWatcher                                                                             :        1 samples, Peak.   104 us (1.0x), Avg.   104 us, Total. 103.7 us (0.0%)
[Performance] InitializeOnLoad UnityTestProtocolStarter                                                                      :        1 samples, Peak.   160 us (1.0x), Avg.   160 us, Total. 160.2 us (0.0%)
[Performance] InitializeOnLoad TestStarter                                                                                   :        1 samples, Peak.   625 us (1.0x), Avg.   625 us, Total. 625.0 us (0.0%)
[Performance] InitializeOnLoad RerunCallbackInitializer                                                                      :        1 samples, Peak.  2.73 ms (1.0x), Avg.  2.73 ms, Total. 2.728 ms (0.0%)
[Performance] InitializeOnLoad RiderScriptEditor                                                                             :        1 samples, Peak.  5.80 ms (1.0x), Avg.  5.80 ms, Total. 5.803 ms (0.0%)
[Performance] InitializeOnLoad CallbackInitializer                                                                           :        1 samples, Peak.   981 us (1.0x), Avg.   981 us, Total. 981.0 us (0.0%)
[Performance] InitializeOnLoad SpriteEditorWindow                                                                            :        1 samples, Peak.   380 us (1.0x), Avg.   380 us, Total. 380.2 us (0.0%)
[Performance] InitializeOnLoad ProbeGIBaking                                                                                 :        1 samples, Peak.  2.02 ms (1.0x), Avg.  2.02 ms, Total. 2.015 ms (0.0%)
[Performance] InitializeOnLoad FilterWindow                                                                                  :        1 samples, Peak.  37.6 us (1.0x), Avg.  37.6 us, Total. 37.60 us (0.0%)
[Performance] InitializeOnLoad RealtimeProbeSubdivisionDebug                                                                 :        1 samples, Peak.   267 us (1.0x), Avg.   267 us, Total. 266.6 us (0.0%)
[Performance] InitializeOnLoad SplineExtrudeUtility                                                                          :        1 samples, Peak.   274 us (1.0x), Avg.   274 us, Total. 274.1 us (0.0%)
[Performance] InitializeOnLoad SplineDataReorderableListUtility                                                              :        1 samples, Peak.   158 us (1.0x), Avg.   158 us, Total. 157.5 us (0.0%)
[Performance] InitializeOnLoad PlasticPlugin                                                                                 :        1 samples, Peak.  13.4 ms (1.0x), Avg.  13.4 ms, Total. 13.45 ms (0.1%)
[Performance] InitializeOnLoad ToolbarBootstrap                                                                              :        1 samples, Peak.  66.6 ms (1.0x), Avg.  66.6 ms, Total. 66.58 ms (0.5%)
[Performance] InitializeOnLoad PrefabLayoutRebuilder                                                                         :        1 samples, Peak.   207 us (1.0x), Avg.   207 us, Total. 207.2 us (0.0%)
[Performance] InitializeOnLoad VSCodeScriptEditor                                                                            :        1 samples, Peak.  3.60 ms (1.0x), Avg.  3.60 ms, Total. 3.600 ms (0.0%)
[Performance] InitializeOnLoad NodeClassCache                                                                                :        1 samples, Peak.  6.10 us (1.0x), Avg.  6.10 us, Total. 6.100 us (0.0%)
[Performance] InitializeOnLoad ShaderGraphMaterialsUpdater                                                                   :        2 samples, Peak.   281 us (1.6x), Avg.   172 us, Total. 344.5 us (0.0%)
[Performance] InitializeOnLoad Renderer2DAnalytics                                                                           :        1 samples, Peak.  70.1 us (1.0x), Avg.  70.1 us, Total. 70.10 us (0.0%)
[Performance] InitializeOnLoad EditorToolManager                                                                             :        1 samples, Peak.  1.30 ms (1.0x), Avg.  1.30 ms, Total. 1.298 ms (0.0%)
[Performance] InitializeOnLoad OnLoadNugetPackageRestorer                                                                    :        1 samples, Peak.  46.0 ms (1.0x), Avg.  46.0 ms, Total. 46.04 ms (0.3%)
[Performance] InitializeOnLoad VSUsageUtility                                                                                :        1 samples, Peak.  32.4 ms (1.0x), Avg.  32.4 ms, Total. 32.37 ms (0.2%)
[Performance] InitializeOnLoad VisualStudioIntegration                                                                       :        1 samples, Peak.  12.5 ms (1.0x), Avg.  12.5 ms, Total. 12.51 ms (0.1%)
[Performance] InitializeOnLoad VisualStudioEditor                                                                            :        1 samples, Peak.  2.10 us (1.0x), Avg.  2.10 us, Total. 2.100 us (0.0%)
[Performance] InitializeOnLoad TestRunnerApiListener                                                                         :        1 samples, Peak.   698 us (1.0x), Avg.   698 us, Total. 698.2 us (0.0%)
[Performance] InitializeOnLoad PlayerLoopHelper.InitOnEditor                                                                 :        2 samples, Peak.  4.05 ms (1.6x), Avg.  2.61 ms, Total. 5.211 ms (0.0%)
[Performance] InitializeOnLoad SysrootPackage.IssueWarningIfLinuxIL2CPPNotPresent                                            :        1 samples, Peak.   180 us (1.0x), Avg.   180 us, Total. 179.9 us (0.0%)
[Performance] InitializeOnLoad ProfileDataSourceSettings.InitializeCloudEnvironment                                          :        1 samples, Peak.   206 us (1.0x), Avg.   206 us, Total. 206.2 us (0.0%)
[Performance] InitializeOnLoad AddressableAssetSettings.CheckCCDStatus                                                       :        1 samples, Peak.   105 us (1.0x), Avg.   105 us, Total. 104.5 us (0.0%)
[Performance] InitializeOnLoad AddressablesBuildScriptHooks.Init                                                             :        1 samples, Peak.  58.5 us (1.0x), Avg.  58.5 us, Total. 58.50 us (0.0%)
[Performance] InitializeOnLoad AddressableAssetSettings.RegisterWithAssetPostProcessor                                       :        1 samples, Peak.   495 us (1.0x), Avg.   495 us, Total. 494.5 us (0.0%)
[Performance] InitializeOnLoad AddressablesPlayerBuildProcessor.CleanTemporaryPlayerBuildData                                :        1 samples, Peak.  1.53 ms (1.0x), Avg.  1.53 ms, Total. 1.530 ms (0.0%)
[Performance] InitializeOnLoad InputSystemPackageControl.SubscribePackageManagerEvent                                        :        1 samples, Peak.   116 us (1.0x), Avg.   116 us, Total. 115.6 us (0.0%)
[Performance] InitializeOnLoad InputSystemPluginControl.CheckForExtension                                                    :        1 samples, Peak.  1.69 ms (1.0x), Avg.  1.69 ms, Total. 1.694 ms (0.0%)
[Performance] InitializeOnLoad TCP2_Upgrader.OnLoad                                                                          :        1 samples, Peak.  1.14 ms (1.0x), Avg.  1.14 ms, Total. 1.140 ms (0.0%)
[Performance] InitializeOnLoad MaterialReimporter.RegisterUpgraderReimport                                                   :        2 samples, Peak.   239 us (1.6x), Avg.   145 us, Total. 290.1 us (0.0%)
[Performance] InitializeOnLoad VisualStudioEditor.LegacyVisualStudioCodePackageDisabler                                      :        1 samples, Peak.  2.37 ms (1.0x), Avg.  2.37 ms, Total. 2.373 ms (0.0%)
[Performance] InitializeOnLoad GUIClipProxy.Setup                                                                            :        1 samples, Peak.  1.29 ms (1.0x), Avg.  1.29 ms, Total. 1.291 ms (0.0%)
[Performance] InitializeOnLoad TextAnimatorSetupWindow.TryShowingWindowOnLoad                                                :        1 samples, Peak.   270 us (1.0x), Avg.   270 us, Total. 269.8 us (0.0%)
[Performance] InitializeOnLoad $BurstDirectCallInitializer.Initialize                                                        :        1 samples, Peak.  7.24 ms (1.0x), Avg.  7.24 ms, Total. 7.243 ms (0.1%)
[Performance] InitializeOnLoad UnityMainThreadDispatcher.Initialize                                                          :        1 samples, Peak.   385 us (1.0x), Avg.   385 us, Total. 384.5 us (0.0%)
[Performance] InitializeOnLoad UIParticleUpdater.InitializeOnLoad                                                            :        1 samples, Peak.   488 us (1.0x), Avg.   488 us, Total. 487.6 us (0.0%)
[Performance] InitializeOnLoad UISoftMaskProjectSettings.InitializeOnLoadMethod                                              :        1 samples, Peak.  1.34 ms (1.0x), Avg.  1.34 ms, Total. 1.342 ms (0.0%)
[Performance] InitializeOnLoad SoftMaskUtils.InitializeOnLoadMethod                                                          :        1 samples, Peak.  4.40 ms (1.0x), Avg.  4.40 ms, Total. 4.400 ms (0.0%)
[Performance] InitializeOnLoad UIExtraCallbacks.InitializeOnLoad                                                             :        1 samples, Peak.   497 us (1.0x), Avg.   497 us, Total. 497.5 us (0.0%)
[Performance] InitializeOnLoad SplineCacheUtility.Initialize                                                                 :        1 samples, Peak.  1.54 ms (1.0x), Avg.  1.54 ms, Total. 1.539 ms (0.0%)
[Performance] InitializeOnLoad TestJobDataHolder.ResumeRunningJobs                                                           :        1 samples, Peak.  1.70 ms (1.0x), Avg.  1.70 ms, Total. 1.704 ms (0.0%)
[Performance] InitializeOnLoad AnalyticsReporter.RegisterCallbacks                                                           :        1 samples, Peak.   480 us (1.0x), Avg.   480 us, Total. 480.4 us (0.0%)
[Performance] InitializeOnLoad DebugManagerWindowLifetimeAnalytic.SubscribeToDebugManagerOpenCloseWindows                    :        1 samples, Peak.   619 us (1.0x), Avg.   619 us, Total. 618.8 us (0.0%)
[Performance] InitializeOnLoad CoreRenderPipelinePreferences.InitPreferenceProviders                                         :        1 samples, Peak.  35.5 ms (1.0x), Avg.  35.5 ms, Total. 35.46 ms (0.3%)
[Performance] InitializeOnLoad VolumeGizmoDrawer.InitVolumeGizmoCallbacks                                                    :        1 samples, Peak.   455 us (1.0x), Avg.   455 us, Total. 455.0 us (0.0%)
[Performance] InitializeOnLoad Addressables.RegisterPlayModeStateChange                                                      :        1 samples, Peak.  77.5 us (1.0x), Avg.  77.5 us, Total. 77.50 us (0.0%)
[Performance] InitializeOnLoad AssetReference.RegisterForPlaymodeChange                                                      :        1 samples, Peak.   601 us (1.0x), Avg.   601 us, Total. 600.7 us (0.0%)
[Performance] InitializeOnLoad SceneViewUIObjectPickerContextWindow.OnSceneViewGUI                                           :        1 samples, Peak.   480 us (1.0x), Avg.   480 us, Total. 480.2 us (0.0%)
[Performance] DidReloadScriptsAdvancedDropdownWindow.OnScriptReload                                                          :        2 samples, Peak.   219 us (1.1x), Avg.   200 us, Total. 400.4 us (0.0%)
[Performance] DidReloadScriptsTestRunnerWindow.CompilationCallback                                                           :        1 samples, Peak.   160 us (1.0x), Avg.   160 us, Total. 159.8 us (0.0%)
[Performance] DidReloadScriptsTestListCache.ScriptReloaded                                                                   :        1 samples, Peak.  1.54 ms (1.0x), Avg.  1.54 ms, Total. 1.540 ms (0.0%)
[Performance] DidReloadScriptsLookDev.OnEditorReload                                                                         :        1 samples, Peak.   255 us (1.0x), Avg.   255 us, Total. 255.0 us (0.0%)
[Performance] DidReloadScriptsDebugWindow.OnEditorReload                                                                     :        1 samples, Peak.  5.21 ms (1.0x), Avg.  5.21 ms, Total. 5.211 ms (0.0%)
[Performance] DidReloadScriptsVolumeComponentEditor.OnEditorReload                                                           :        1 samples, Peak.  15.1 ms (1.0x), Avg.  15.1 ms, Total. 15.08 ms (0.1%)
[Performance] AssetDatabase.ImportAssets                                                                                     :        2 samples, Peak.   900 ns (1.4x), Avg.   650 ns, Total. 1.300 us (0.0%)
[Performance] VersionControl.Task.Wait                                                                                       :        1 samples, Peak.  11.0 us (1.0x), Avg.  11.0 us, Total. 11.00 us (0.0%)
[Performance] Postprocessor.OnPostprocessAllAssets                                                                           :        8 samples, Peak.  5.91 ms (3.0x), Avg.  1.94 ms, Total. 15.50 ms (0.1%)
[Performance] CgincPathSync.OnPostprocessAllAssets                                                                           :        4 samples, Peak.  21.5 ms (1.6x), Avg.  13.4 ms, Total. 53.74 ms (0.4%)
[Performance] NugetAssetPostprocessor.OnPostprocessAllAssets                                                                 :        4 samples, Peak.   929 us (1.3x), Avg.   713 us, Total. 2.852 ms (0.0%)
[Performance] TMPro_TexturePostProcessor.OnPostprocessAllAssets                                                              :        4 samples, Peak.   337 us (1.8x), Avg.   182 us, Total. 729.6 us (0.0%)
[Performance] TCP2_ShaderPostProcessor.OnPostprocessAllAssets                                                                :        4 samples, Peak.   243 us (1.7x), Avg.   140 us, Total. 560.9 us (0.0%)
[Performance] AssetPostprocessor.OnPostprocessAllAssets                                                                      :        4 samples, Peak.   969 us (2.0x), Avg.   493 us, Total. 1.970 ms (0.0%)
[Performance] BuilderAssetPostprocessor.OnPostprocessAllAssets                                                               :        4 samples, Peak.  3.20 ms (2.0x), Avg.  1.62 ms, Total. 6.465 ms (0.0%)
[Performance] AddressablesAssetPostProcessor.OnPostprocessAllAssets                                                          :        4 samples, Peak.  7.15 ms (1.9x), Avg.  3.77 ms, Total. 15.09 ms (0.1%)
[Performance] ArtifactBrowserPostProcessor.OnPostprocessAllAssets                                                            :        4 samples, Peak.   503 us (2.0x), Avg.   253 us, Total. 1.011 ms (0.0%)
[Performance] AssetEvents.OnPostprocessAllAssets                                                                             :        8 samples, Peak.   185 us (2.9x), Avg.  63.1 us, Total. 505.2 us (0.0%)
[Performance] AudioMixerPostprocessor.OnPostprocessAllAssets                                                                 :        4 samples, Peak.   310 us (1.9x), Avg.   160 us, Total. 641.3 us (0.0%)
[Performance] StyleCatalogPostProcessor.OnPostprocessAllAssets                                                               :        4 samples, Peak.  48.2 ms (2.0x), Avg.  24.1 ms, Total. 96.48 ms (0.7%)
[Performance] BuildCatalog                                                                                                   :        1 samples, Peak.  47.4 ms (1.0x), Avg.  47.4 ms, Total. 47.41 ms (0.3%)
[Performance] ModelImporterPostProcessor.OnPostprocessAllAssets                                                              :        4 samples, Peak.   968 us (1.9x), Avg.   505 us, Total. 2.021 ms (0.0%)
[Performance] MaterialPostprocessor.OnPostprocessAllAssets                                                                   :        8 samples, Peak.   616 us (2.2x), Avg.   277 us, Total. 2.216 ms (0.0%)
[Performance] UniversalRenderPipelineGlobalSettingsPostprocessor.OnPostprocessAllAssets                                      :        4 samples, Peak.  1.08 ms (1.9x), Avg.   555 us, Total. 2.219 ms (0.0%)
[Performance] RetainedModeAssetPostprocessor.OnPostprocessAllAssets                                                          :        4 samples, Peak.  1.86 ms (2.0x), Avg.   950 us, Total. 3.800 ms (0.0%)
[Performance] AssetChangedListener.OnPostprocessAllAssets                                                                    :        4 samples, Peak.  1.03 ms (2.0x), Avg.   524 us, Total. 2.095 ms (0.0%)
[Performance] PostProcessor.OnPostprocessAllAssets                                                                           :        4 samples, Peak.   240 us (1.9x), Avg.   129 us, Total. 516.0 us (0.0%)
[Performance] ShaderGraphAssetPostProcessor.OnPostprocessAllAssets                                                           :        4 samples, Peak.  1.21 ms (1.8x), Avg.   682 us, Total. 2.728 ms (0.0%)
[Performance] SpeedTreePostProcessor.OnPostprocessAllAssets                                                                  :        4 samples, Peak.   134 us (1.9x), Avg.  72.3 us, Total. 289.2 us (0.0%)
[Performance] TextAssetPostProcessor.OnPostprocessAllAssets                                                                  :        4 samples, Peak.   374 us (1.8x), Avg.   203 us, Total. 810.3 us (0.0%)
[Performance] SpriteEditorTexturePostprocessor.OnPostprocessAllAssets                                                        :        4 samples, Peak.   238 us (1.7x), Avg.   144 us, Total. 574.4 us (0.0%)
[Performance] AssetPathToTypes.OnPostprocessAllAssets                                                                        :        4 samples, Peak.   287 us (2.0x), Avg.   141 us, Total. 562.6 us (0.0%)
[Performance] InputActionAssetPostprocessor.OnPostprocessAllAssets                                                           :        4 samples, Peak.   306 us (1.9x), Avg.   165 us, Total. 660.1 us (0.0%)
[Performance] InputActionJsonNameModifierAssetProcessor.OnPostprocessAllAssets                                               :        4 samples, Peak.  65.0 us (1.8x), Avg.  36.8 us, Total. 147.3 us (0.0%)
[Performance] ProjectSettingsPostprocessor.OnPostprocessAllAssets                                                            :        4 samples, Peak.   228 us (2.0x), Avg.   117 us, Total. 468.0 us (0.0%)
[Performance] LocalizationAssetPostProcessor.OnPostprocessAllAssets                                                          :        4 samples, Peak.  1.09 ms (1.9x), Avg.   566 us, Total. 2.262 ms (0.0%)
[Performance] SyncVS.PostprocessSyncProject                                                                                  :        2 samples, Peak.  3.39 ms (1.9x), Avg.  1.83 ms, Total. 3.657 ms (0.0%)
[Performance] Application.ImportPackagesAndSetTemplateWhenCreatingProject                                                    :        1 samples, Peak.  9.62 ms (1.0x), Avg.  9.62 ms, Total. 9.615 ms (0.1%)
[Performance] Application.SyncCurrentColorSpace                                                                              :        1 samples, Peak.   111 ms (1.0x), Avg.   111 ms, Total. 110.6 ms (0.8%)
[Performance] Application.OnUsbDevicesChanged                                                                                :        1 samples, Peak.  3.36 ms (1.0x), Avg.  3.36 ms, Total. 3.356 ms (0.0%)
[Performance] Application.AssetInstanceCacheUpdate                                                                           :        1 samples, Peak.   400 ns (1.0x), Avg.   400 ns, Total. 400.0 ns (0.0%)
[Performance] Application.UnityExtensions.Initialize                                                                         :        1 samples, Peak.  7.24 ms (1.0x), Avg.  7.24 ms, Total. 7.238 ms (0.1%)
[Performance] CodeEditorProjectSync.SyncEditorProject                                                                        :        1 samples, Peak.   566 ms (1.0x), Avg.   566 ms, Total. 565.6 ms (4.0%)
[Performance] Application.ExecuteStartups                                                                                    :        1 samples, Peak.  59.7 ms (1.0x), Avg.  59.7 ms, Total. 59.67 ms (0.4%)
[Performance] Menu.RegisterMenuInterface                                                                                     :       26 samples, Peak.  1.40 us (8.5x), Avg.   165 ns, Total. 4.300 us (0.0%)
[Performance] Gizmo.RebuildRenderers                                                                                         :        1 samples, Peak.  57.5 ms (1.0x), Avg.  57.5 ms, Total. 57.46 ms (0.4%)
[Performance] Gizmo.AddGizmoRenderers                                                                                        :      165 samples, Peak.  1.06 ms (65.2x), Avg.  16.3 us, Total. 2.681 ms (0.0%)
[Performance] Application.editorInitializingProject                                                                          :        1 samples, Peak.  43.5 ms (1.0x), Avg.  43.5 ms, Total. 43.49 ms (0.3%)
[Performance] Application.InitializeMenu                                                                                     :        1 samples, Peak.   680 ms (1.0x), Avg.   680 ms, Total. 679.9 ms (4.8%)
[Performance] Menu.RebuildAll                                                                                                :        1 samples, Peak.   680 ms (1.0x), Avg.   680 ms, Total. 679.8 ms (4.8%)
[Performance] Menu.BuildRegisteredMenuInterfaces                                                                             :        1 samples, Peak.   677 ms (1.0x), Avg.   677 ms, Total. 676.9 ms (4.8%)
[Performance] Menu.FilterMenuItem                                                                                            :     1250 samples, Peak.  43.8 ms (1229.0x), Avg.  35.6 us, Total. 44.51 ms (0.3%)
[Performance] UpdateAllMenus                                                                                                 :        1 samples, Peak.   572 us (1.0x), Avg.   572 us, Total. 571.8 us (0.0%)
[Performance] Menu.RebuildOSMainMenu                                                                                         :        2 samples, Peak.  2.33 ms (1.0x), Avg.  2.26 ms, Total. 4.518 ms (0.0%)
[Performance] EditorSceneManager.sceneClosing: UnityEditor.SceneVisibilityManager.EditorSceneManagerOnSceneClosing           :        1 samples, Peak.   317 us (1.0x), Avg.   317 us, Total. 317.2 us (0.0%)
[Performance] GUIView.RepaintAll.PlayerLoopController                                                                        :        1 samples, Peak.   800 ns (1.0x), Avg.   800 ns, Total. 800.0 ns (0.0%)
[Performance] EditorSceneManager.newSceneCreated: UnityEditor.SceneTemplate.SceneTemplateService.OnNewSceneCreated           :        1 samples, Peak.   200 us (1.0x), Avg.   200 us, Total. 200.5 us (0.0%)
[Performance] EditorSceneManager.newSceneCreated: UnityEditor.SceneVisibilityManager.EditorSceneManagerOnNewSceneCreated     :        1 samples, Peak.   189 us (1.0x), Avg.   189 us, Total. 189.0 us (0.0%)
[Performance] EditorSceneManager.newSceneCreated: UnityEditor.SceneManagement.StageNavigationManager.OnNewSceneCreated       :        1 samples, Peak.  48.5 us (1.0x), Avg.  48.5 us, Total. 48.50 us (0.0%)
[Performance] Application.InvokeFinishedLoadingProject                                                                       :        1 samples, Peak.  19.2 ms (1.0x), Avg.  19.2 ms, Total. 19.15 ms (0.1%)
[Performance] ProcessService.OnProjectLoaded                                                                                 :        1 samples, Peak.  58.6 us (1.0x), Avg.  58.6 us, Total. 58.60 us (0.0%)
[Performance] StateMacroSavedEvent.OnWillSaveAssets                                                                          :        4 samples, Peak.   177 us (3.5x), Avg.  50.9 us, Total. 203.4 us (0.0%)
[Performance] FlowMacroSavedEvent.OnWillSaveAssets                                                                           :        4 samples, Peak.   172 us (3.8x), Avg.  44.9 us, Total. 179.7 us (0.0%)
[Performance] AssetModificationProcessor.OnWillSaveAssets                                                                    :        4 samples, Peak.   373 us (3.9x), Avg.  95.3 us, Total. 381.1 us (0.0%)
[Performance] UnityCloudProjectLinkMonitor.OnWillSaveAssets                                                                  :        4 samples, Peak.   435 us (3.9x), Avg.   111 us, Total. 442.9 us (0.0%)
[Performance] BuilderAssetModificationProcessor.OnWillSaveAssets                                                             :        4 samples, Peak.   457 us (3.9x), Avg.   116 us, Total. 464.7 us (0.0%)
[Performance] TerrainModificationProcessor.OnWillSaveAssets                                                                  :        4 samples, Peak.   681 us (4.0x), Avg.   172 us, Total. 686.6 us (0.0%)
[Performance] ScriptTemplateProcessor.OnWillCreateAsset                                                                      :        2 samples, Peak.   354 us (1.7x), Avg.   205 us, Total. 409.4 us (0.0%)
[Performance] MaterialModificationProcessor.OnWillCreateAsset                                                                :        4 samples, Peak.   134 us (1.9x), Avg.  71.7 us, Total. 286.7 us (0.0%)
[Performance] BuilderAssetModificationProcessor.OnWillCreateAsset                                                            :        2 samples, Peak.   191 us (1.8x), Avg.   105 us, Total. 210.1 us (0.0%)
[Performance] EditorApplication.projectChanged: UnityEditor.Audio.MixerEffectDefinitionReloader.OnProjectChanged             :        1 samples, Peak.  1.42 ms (1.0x), Avg.  1.42 ms, Total. 1.423 ms (0.0%)
[Performance] EditorApplication.projectChanged: UnityEngine.InputSystem.LowLevel.NativeInputRuntime.OnProjectChanged         :        1 samples, Peak.   232 us (1.0x), Avg.   232 us, Total. 232.2 us (0.0%)
[Performance] AssetDatabase.Refresh                                                                                          :        1 samples, Peak.  5.77 ms (1.0x), Avg.  5.77 ms, Total. 5.770 ms (0.0%)
[Performance] EditorApplication.quitting: Unity.Burst.Editor.BurstLoader.OnEditorApplicationQuitting                         :        1 samples, Peak.  37.8 us (1.0x), Avg.  37.8 us, Total. 37.80 us (0.0%)
[Performance] EditorApplication.quitting: callback in UnityEditor.TextCore.Text.EditorEventCallbacks                         :        1 samples, Peak.  80.6 ms (1.0x), Avg.  80.6 ms, Total. 80.56 ms (0.6%)
[Performance] Killing ADB server                                                                                             :        1 samples, Peak.  23.6 ms (1.0x), Avg.  23.6 ms, Total. 23.62 ms (0.2%)
[Performance] Application.Shutdown.PauseProfilerSession                                                                      :        1 samples, Peak.  26.0 us (1.0x), Avg.  26.0 us, Total. 26.00 us (0.0%)
[Performance] Application.Shutdown.PauseAssetImportWorkers                                                                   :        1 samples, Peak.   360 us (1.0x), Avg.   360 us, Total. 359.9 us (0.0%)
[Performance] Application.Shutdown.SaveAssets                                                                                :        1 samples, Peak.   768 us (1.0x), Avg.   768 us, Total. 767.6 us (0.0%)
[Performance] Application.Shutdown.CleanupRenderPipeline                                                                     :        1 samples, Peak.  3.30 us (1.0x), Avg.  3.30 us, Total. 3.300 us (0.0%)
[Performance] Application.Shutdown.StopPreloadManager                                                                        :        1 samples, Peak.  9.87 ms (1.0x), Avg.  9.87 ms, Total. 9.871 ms (0.1%)
[Performance] Application.Shutdown.DestroyWorld                                                                              :        1 samples, Peak.   688 us (1.0x), Avg.   688 us, Total. 688.3 us (0.0%)
[Performance] Application.Shutdown.CleanupAfterLoad                                                                          :        1 samples, Peak.   196 ms (1.0x), Avg.   196 ms, Total. 196.4 ms (1.4%)
[Performance] Application.Shutdown.Progress                                                                                  :        1 samples, Peak.  9.80 us (1.0x), Avg.  9.80 us, Total. 9.800 us (0.0%)
[Performance] Application.Shutdown.GICleanupManagers                                                                         :        1 samples, Peak.   370 us (1.0x), Avg.   370 us, Total. 370.5 us (0.0%)
[Performance] Application.Shutdown.MenuCleanupClass                                                                          :        1 samples, Peak.   289 us (1.0x), Avg.   289 us, Total. 288.6 us (0.0%)
[Performance] Application.Shutdown.ADBSaveStateBeforeShutdown                                                                :        1 samples, Peak.  6.30 us (1.0x), Avg.  6.30 us, Total. 6.300 us (0.0%)
[Performance] Application.Shutdown.RemoteShutdown                                                                            :        1 samples, Peak.   600 ns (1.0x), Avg.   600 ns, Total. 600.0 ns (0.0%)
[Performance] Application.Shutdown.CleanupVCProvider                                                                         :        1 samples, Peak.  6.60 us (1.0x), Avg.  6.60 us, Total. 6.600 us (0.0%)
[Performance] Application.Shutdown.InputShutdown                                                                             :        1 samples, Peak.  1.30 us (1.0x), Avg.  1.30 us, Total. 1.300 us (0.0%)
[Performance] Application.Shutdown.GizmoManagerDestroy                                                                       :        1 samples, Peak.   468 us (1.0x), Avg.   468 us, Total. 467.7 us (0.0%)
[Performance] Application.Shutdown.ProfilerSession                                                                           :        1 samples, Peak.   143 us (1.0x), Avg.   143 us, Total. 143.2 us (0.0%)
[Performance] Application.Shutdown.ReleaseGfxWindowOnAllGUIViews                                                             :        1 samples, Peak.   800 ns (1.0x), Avg.   800 ns, Total. 800.0 ns (0.0%)
[Performance] Application.Shutdown.CleanupEngine                                                                             :        1 samples, Peak.  75.1 ms (1.0x), Avg.  75.1 ms, Total. 75.15 ms (0.5%)
[Performance] Application.Shutdown.CleanupAssetDatabase                                                                      :        1 samples, Peak.  12.7 ms (1.0x), Avg.  12.7 ms, Total. 12.69 ms (0.1%)
[Performance] Application.Shutdown.ScriptCompilationCleanUp                                                                  :        1 samples, Peak.  9.11 ms (1.0x), Avg.  9.11 ms, Total. 9.106 ms (0.1%)
[Performance] Application.Shutdown.DestroyJobSystem                                                                          :        1 samples, Peak.   115 us (1.0x), Avg.   115 us, Total. 114.7 us (0.0%)
[Performance] Application.Shutdown.CleanupPersistentManager                                                                  :        1 samples, Peak.  1.99 ms (1.0x), Avg.  1.99 ms, Total. 1.995 ms (0.0%)
[Performance] Application.Shutdown.CleanupAsyncReadManager                                                                   :        1 samples, Peak.   207 us (1.0x), Avg.   207 us, Total. 206.7 us (0.0%)
[Performance] Application.Shutdown.CleanupProgressBar                                                                        :        1 samples, Peak.   300 ns (1.0x), Avg.   300 ns, Total. 300.0 ns (0.0%)
[Performance] Application.Shutdown.CleanupMono                                                                               :        1 samples, Peak.   275 ms (1.0x), Avg.   275 ms, Total. 274.9 ms (2.0%)
[Performance] Application.Shutdown.CleanupStdConverters                                                                      :        1 samples, Peak.  6.30 us (1.0x), Avg.  6.30 us, Total. 6.300 us (0.0%)
[Performance] Application.Shutdown.UnloadAllPlatformSupportModuleNativeDlls                                                  :        1 samples, Peak.   300 ns (1.0x), Avg.   300 ns, Total. 300.0 ns (0.0%)
[Performance] Application.Shutdown.UnloadAllPlatformSupportNativeLibraries                                                   :        1 samples, Peak.   285 ms (1.0x), Avg.   285 ms, Total. 284.7 ms (2.0%)
[Performance] Application.Shutdown.CleanupAutoDocumentation                                                                  :        1 samples, Peak.   272 us (1.0x), Avg.   272 us, Total. 271.6 us (0.0%)
[Performance] Application.Shutdown.ShaderNameManagerDestroy                                                                  :        1 samples, Peak.  37.1 us (1.0x), Avg.  37.1 us, Total. 37.10 us (0.0%)
[Performance] Application.Shutdown.CleanupCacheServer                                                                        :        1 samples, Peak.   200 ns (1.0x), Avg.   200 ns, Total. 200.0 ns (0.0%)
[Performance] Application.Shutdown.Virtualization_Shutdown                                                                   :        1 samples, Peak.   200 ns (1.0x), Avg.   200 ns, Total. 200.0 ns (0.0%)
[Performance] Application.Shutdown.DevConnections                                                                            :        1 samples, Peak.  68.9 us (1.0x), Avg.  68.9 us, Total. 68.90 us (0.0%)
Exiting batchmode successfully now!
Exiting without the bug reporter. Application will terminate with return code 0